Archive member included to satisfy reference by file (symbol)

D:/Eldic/NXP/MCUXpressoIDE_24.12.148/ide/plugins/com.nxp.mcuxpresso.tools.win32_24.12.0.202407110909/tools/bin/../lib/gcc/arm-none-eabi/13.2.1/../../../../arm-none-eabi/lib/thumb/v7e-m+fp/hard\libcr_nohost_nf.a(_cr__main.o)
                              ./startup/startup_mk66f18.o (__main)
D:/Eldic/NXP/MCUXpressoIDE_24.12.148/ide/plugins/com.nxp.mcuxpresso.tools.win32_24.12.0.202407110909/tools/bin/../lib/gcc/arm-none-eabi/13.2.1/../../../../arm-none-eabi/lib/thumb/v7e-m+fp/hard\libcr_c.a(memcpy.o)
                              ./utilities/fsl_debug_console.o (memcpy)
D:/Eldic/NXP/MCUXpressoIDE_24.12.148/ide/plugins/com.nxp.mcuxpresso.tools.win32_24.12.0.202407110909/tools/bin/../lib/gcc/arm-none-eabi/13.2.1/../../../../arm-none-eabi/lib/thumb/v7e-m+fp/hard\libcr_c.a(memset.o)
                              ./source/enet_txrx_transfer.o (memset)
D:/Eldic/NXP/MCUXpressoIDE_24.12.148/ide/plugins/com.nxp.mcuxpresso.tools.win32_24.12.0.202407110909/tools/bin/../lib/gcc/arm-none-eabi/13.2.1/../../../../arm-none-eabi/lib/thumb/v7e-m+fp/hard\libcr_c.a(alloc.o)
                              ./source/enet_txrx_transfer.o (malloc)
D:/Eldic/NXP/MCUXpressoIDE_24.12.148/ide/plugins/com.nxp.mcuxpresso.tools.win32_24.12.0.202407110909/tools/bin/../lib/gcc/arm-none-eabi/13.2.1/../../../../arm-none-eabi/lib/thumb/v7e-m+fp/hard\libcr_c.a(initio.o)
                              D:/Eldic/NXP/MCUXpressoIDE_24.12.148/ide/plugins/com.nxp.mcuxpresso.tools.win32_24.12.0.202407110909/tools/bin/../lib/gcc/arm-none-eabi/13.2.1/../../../../arm-none-eabi/lib/thumb/v7e-m+fp/hard\libcr_nohost_nf.a(_cr__main.o) (_initio)
D:/Eldic/NXP/MCUXpressoIDE_24.12.148/ide/plugins/com.nxp.mcuxpresso.tools.win32_24.12.0.202407110909/tools/bin/../lib/gcc/arm-none-eabi/13.2.1/../../../../arm-none-eabi/lib/thumb/v7e-m+fp/hard\libcr_c.a(setvbuf.o)
                              D:/Eldic/NXP/MCUXpressoIDE_24.12.148/ide/plugins/com.nxp.mcuxpresso.tools.win32_24.12.0.202407110909/tools/bin/../lib/gcc/arm-none-eabi/13.2.1/../../../../arm-none-eabi/lib/thumb/v7e-m+fp/hard\libcr_c.a(initio.o) (setvbuf)
D:/Eldic/NXP/MCUXpressoIDE_24.12.148/ide/plugins/com.nxp.mcuxpresso.tools.win32_24.12.0.202407110909/tools/bin/../lib/gcc/arm-none-eabi/13.2.1/../../../../arm-none-eabi/lib/thumb/v7e-m+fp/hard\libcr_c.a(strlen.o)
                              ./utilities/fsl_debug_console.o (strlen)
D:/Eldic/NXP/MCUXpressoIDE_24.12.148/ide/plugins/com.nxp.mcuxpresso.tools.win32_24.12.0.202407110909/tools/bin/../lib/gcc/arm-none-eabi/13.2.1/../../../../arm-none-eabi/lib/thumb/v7e-m+fp/hard\libcr_c.a(__init_alloc.o)
                              D:/Eldic/NXP/MCUXpressoIDE_24.12.148/ide/plugins/com.nxp.mcuxpresso.tools.win32_24.12.0.202407110909/tools/bin/../lib/gcc/arm-none-eabi/13.2.1/../../../../arm-none-eabi/lib/thumb/v7e-m+fp/hard\libcr_c.a(alloc.o) (__heaps)
D:/Eldic/NXP/MCUXpressoIDE_24.12.148/ide/plugins/com.nxp.mcuxpresso.tools.win32_24.12.0.202407110909/tools/bin/../lib/gcc/arm-none-eabi/13.2.1/../../../../arm-none-eabi/lib/thumb/v7e-m+fp/hard\libcr_c.a(_cr_sbrk.o)
                              D:/Eldic/NXP/MCUXpressoIDE_24.12.148/ide/plugins/com.nxp.mcuxpresso.tools.win32_24.12.0.202407110909/tools/bin/../lib/gcc/arm-none-eabi/13.2.1/../../../../arm-none-eabi/lib/thumb/v7e-m+fp/hard\libcr_c.a(alloc.o) (_sbrk)
D:/Eldic/NXP/MCUXpressoIDE_24.12.148/ide/plugins/com.nxp.mcuxpresso.tools.win32_24.12.0.202407110909/tools/bin/../lib/gcc/arm-none-eabi/13.2.1/../../../../arm-none-eabi/lib/thumb/v7e-m+fp/hard\libcr_c.a(_fdopen.o)
                              D:/Eldic/NXP/MCUXpressoIDE_24.12.148/ide/plugins/com.nxp.mcuxpresso.tools.win32_24.12.0.202407110909/tools/bin/../lib/gcc/arm-none-eabi/13.2.1/../../../../arm-none-eabi/lib/thumb/v7e-m+fp/hard\libcr_c.a(initio.o) (_fdopen)
D:/Eldic/NXP/MCUXpressoIDE_24.12.148/ide/plugins/com.nxp.mcuxpresso.tools.win32_24.12.0.202407110909/tools/bin/../lib/gcc/arm-none-eabi/13.2.1/../../../../arm-none-eabi/lib/thumb/v7e-m+fp/hard\libcr_c.a(errno.o)
                              D:/Eldic/NXP/MCUXpressoIDE_24.12.148/ide/plugins/com.nxp.mcuxpresso.tools.win32_24.12.0.202407110909/tools/bin/../lib/gcc/arm-none-eabi/13.2.1/../../../../arm-none-eabi/lib/thumb/v7e-m+fp/hard\libcr_c.a(_cr_sbrk.o) (errno)
D:/Eldic/NXP/MCUXpressoIDE_24.12.148/ide/plugins/com.nxp.mcuxpresso.tools.win32_24.12.0.202407110909/tools/bin/../lib/gcc/arm-none-eabi/13.2.1/../../../../arm-none-eabi/lib/thumb/v7e-m+fp/hard\libcr_c.a(fclose.o)
                              D:/Eldic/NXP/MCUXpressoIDE_24.12.148/ide/plugins/com.nxp.mcuxpresso.tools.win32_24.12.0.202407110909/tools/bin/../lib/gcc/arm-none-eabi/13.2.1/../../../../arm-none-eabi/lib/thumb/v7e-m+fp/hard\libcr_c.a(initio.o) (fclose)
D:/Eldic/NXP/MCUXpressoIDE_24.12.148/ide/plugins/com.nxp.mcuxpresso.tools.win32_24.12.0.202407110909/tools/bin/../lib/gcc/arm-none-eabi/13.2.1/../../../../arm-none-eabi/lib/thumb/v7e-m+fp/hard\libcr_c.a(fflush.o)
[...]
Memory Configuration

Name             Origin             Length             Attributes
PROGRAM_FLASH    0x00000000         0x00200000         xr
SRAM_UPPER       0x20000000         0x00030000         xrw
SRAM_LOWER       0x1fff0000         0x00010000         xrw
FLEX_RAM         0x14000000         0x00001000         xrw
*default*        0x00000000         0xffffffff

Linker script and memory map

LOAD ./utilities/fsl_assert.o
LOAD ./utilities/fsl_debug_console.o
LOAD ./startup/startup_mk66f18.o
LOAD ./source/enet_txrx_transfer.o
LOAD ./source/semihost_hardfault.o
LOAD ./phy/fsl_phyksz8081.o
LOAD ./mdio/fsl_enet_mdio.o
LOAD ./drivers/Aes_DR.o
LOAD ./drivers/enet.o
LOAD ./drivers/fsl_clock.o
LOAD ./drivers/fsl_common.o
LOAD ./drivers/fsl_common_arm.o
LOAD ./drivers/fsl_enet.o
LOAD ./drivers/fsl_ftfx_cache.o
LOAD ./drivers/fsl_ftfx_controller.o
LOAD ./drivers/fsl_ftfx_flash.o
LOAD ./drivers/fsl_ftfx_flexnvm.o
LOAD ./drivers/fsl_gpio.o
LOAD ./drivers/fsl_lpuart.o
LOAD ./drivers/fsl_sim.o
LOAD ./drivers/fsl_smc.o
LOAD ./drivers/fsl_sysmpu.o
LOAD ./drivers/fsl_uart.o
LOAD ./device/system_MK66F18.o
LOAD ./component/uart/fsl_adapter_uart.o
LOAD ./component/lists/fsl_component_generic_list.o
LOAD ./board/board.o
LOAD ./board/clock_config.o
LOAD ./board/pin_mux.o
START GROUP
LOAD D:/Eldic/NXP/MCUXpressoIDE_24.12.148/ide/plugins/com.nxp.mcuxpresso.tools.win32_24.12.0.202407110909/tools/bin/../lib/gcc/arm-none-eabi/13.2.1/../../../../arm-none-eabi/lib/thumb/v7e-m+fp/hard\libcr_nohost_nf.a
LOAD D:/Eldic/NXP/MCUXpressoIDE_24.12.148/ide/plugins/com.nxp.mcuxpresso.tools.win32_24.12.0.202407110909/tools/bin/../lib/gcc/arm-none-eabi/13.2.1/../../../../arm-none-eabi/lib/thumb/v7e-m+fp/hard\libcr_c.a
LOAD D:/Eldic/NXP/MCUXpressoIDE_24.12.148/ide/plugins/com.nxp.mcuxpresso.tools.win32_24.12.0.202407110909/tools/bin/../lib/gcc/arm-none-eabi/13.2.1/thumb/v7e-m+fp/hard\libcr_eabihelpers.a
LOAD D:/Eldic/NXP/MCUXpressoIDE_24.12.148/ide/plugins/com.nxp.mcuxpresso.tools.win32_24.12.0.202407110909/tools/bin/../lib/gcc/arm-none-eabi/13.2.1/thumb/v7e-m+fp/hard\libgcc.a
END GROUP
                0x00000000                        __base_PROGRAM_FLASH = 0x0
                0x00000000                        __base_Flash = 0x0
                0x00200000                        __top_PROGRAM_FLASH = 0x200000
                0x00200000                        __top_Flash = 0x200000
                0x20000000                        __base_SRAM_UPPER = 0x20000000
                0x20000000                        __base_RAM = 0x20000000
                0x20030000                        __top_SRAM_UPPER = 0x20030000
                0x20030000                        __top_RAM = 0x20030000
                0x1fff0000                        __base_SRAM_LOWER = 0x1fff0000
                0x1fff0000                        __base_RAM2 = 0x1fff0000
                0x20000000                        __top_SRAM_LOWER = 0x20000000
                0x20000000                        __top_RAM2 = 0x20000000
                0x14000000                        __base_FLEX_RAM = 0x14000000
                0x14000000                        __base_RAM3 = 0x14000000
                0x14001000                        __top_FLEX_RAM = 0x14001000
                0x14001000                        __top_RAM3 = 0x14001000

.text           0x00000000     0x7fd0
 FILL mask 0xff
                0x00000000                        __vectors_start__ = ABSOLUTE (.)
 *(SORT_BY_ALIGNMENT(.isr_vector))
 .isr_vector    0x00000000      0x1d0 ./startup/startup_mk66f18.o
                0x00000000                g_pfnVectors
                0x00000000                __Vectors
                0x000001d0                        . = ALIGN (0x4)
                0x000001d0                        __section_table_start = .
                0x000001d0                        __data_section_table = .
                0x000001d0        0x4 LONG 0x7fd0 LOADADDR (.data)
                0x000001d4        0x4 LONG 0x20000000 ADDR (.data)
                0x000001d8        0x4 LONG 0x50 SIZEOF (.data)
                0x000001dc        0x4 LONG 0x7fd0 LOADADDR (.data_RAM2)
                0x000001e0        0x4 LONG 0x1fff0000 ADDR (.data_RAM2)
                0x000001e4        0x4 LONG 0x0 SIZEOF (.data_RAM2)
                0x000001e8        0x4 LONG 0x7fd0 LOADADDR (.data_RAM3)
                0x000001ec        0x4 LONG 0x14000000 ADDR (.data_RAM3)
                0x000001f0        0x4 LONG 0x0 SIZEOF (.data_RAM3)
                0x000001f4                        __data_section_table_end = .
                0x000001f4                        __bss_section_table = .
                0x000001f4        0x4 LONG 0x20000050 ADDR (.bss)
                0x000001f8        0x4 LONG 0x3530 SIZEOF (.bss)
                0x000001fc        0x4 LONG 0x1fff0000 ADDR (.bss_RAM2)
                0x00000200        0x4 LONG 0x40 SIZEOF (.bss_RAM2)
                0x00000204        0x4 LONG 0x14000000 ADDR (.bss_RAM3)
                0x00000208        0x4 LONG 0x0 SIZEOF (.bss_RAM3)
                0x0000020c                        __bss_section_table_end = .
                0x0000020c                        __section_table_end = .
 *(SORT_BY_ALIGNMENT(.after_vectors*))
 .after_vectors.reset
                0x0000020c       0x4c ./startup/startup_mk66f18.o
                0x0000020c                ResetISR
 .after_vectors.init_data
                0x00000258       0x1e ./startup/startup_mk66f18.o
                0x00000258                data_init
 .after_vectors.init_bss
                0x00000276       0x12 ./startup/startup_mk66f18.o
                0x00000276                bss_init
 .after_vectors
                0x00000288       0x14 ./startup/startup_mk66f18.o
                0x00000288                NMI_Handler
                0x0000028c                MemManage_Handler
                0x0000028e                BusFault_Handler
                0x00000290                UsageFault_Handler
                0x00000292                SVC_Handler
                0x00000294                DebugMon_Handler
                0x00000296                PendSV_Handler
                0x00000298                SysTick_Handler
                0x0000029a                DMA_Error_DriverIRQHandler
                0x0000029a                FTM1_DriverIRQHandler
                0x0000029a                FTM2_DriverIRQHandler
                0x0000029a                PIT2_DriverIRQHandler
                0x0000029a                TPM2_DriverIRQHandler
                0x0000029a                SDHC_DriverIRQHandler
                0x0000029a                DMA7_DMA23_DriverIRQHandler
                0x0000029a                I2C3_DriverIRQHandler
                0x0000029a                I2S0_Tx_DriverIRQHandler
                0x0000029a                TSI0_DriverIRQHandler
                0x0000029a                RTC_Seconds_DriverIRQHandler
                0x0000029a                CMP3_DriverIRQHandler
                0x0000029a                LLWU_DriverIRQHandler
                0x0000029a                MCM_DriverIRQHandler
                0x0000029a                DMA14_DMA30_DriverIRQHandler
                0x0000029a                MCG_DriverIRQHandler
                0x0000029a                I2C2_DriverIRQHandler
                0x0000029a                DAC1_DriverIRQHandler
                0x0000029a                LPTMR0_DriverIRQHandler
                0x0000029a                CMP1_DriverIRQHandler
                0x0000029a                USBHSDCD_DriverIRQHandler
                0x0000029a                DMA0_DMA16_DriverIRQHandler
                0x0000029a                FTM0_DriverIRQHandler
                0x0000029a                IntDefaultHandler
                0x0000029a                USB0_DriverIRQHandler
                0x0000029a                PORTC_DriverIRQHandler
                0x0000029a                DMA2_DMA18_DriverIRQHandler
                0x0000029a                DAC0_DriverIRQHandler
                0x0000029a                CMP2_DriverIRQHandler
                0x0000029a                UART2_ERR_DriverIRQHandler
                0x0000029a                SPI2_DriverIRQHandler
                0x0000029a                LVD_LVW_DriverIRQHandler
                0x0000029a                SPI1_DriverIRQHandler
                0x0000029a                PIT0_DriverIRQHandler
                0x0000029a                RNG_DriverIRQHandler
                0x0000029a                USBDCD_DriverIRQHandler
                0x0000029a                UART3_ERR_DriverIRQHandler
                0x0000029a                DMA12_DMA28_DriverIRQHandler
                0x0000029a                DMA10_DMA26_DriverIRQHandler
                0x0000029a                UART0_ERR_DriverIRQHandler
                0x0000029a                CMT_DriverIRQHandler
                0x0000029a                Reserved71_DriverIRQHandler
                0x0000029a                ADC1_DriverIRQHandler
                0x0000029a                PORTA_DriverIRQHandler
                0x0000029a                DMA1_DMA17_DriverIRQHandler
                0x0000029a                PIT3_DriverIRQHandler
                0x0000029a                PIT1_DriverIRQHandler
                0x0000029a                TPM1_DriverIRQHandler
                0x0000029a                WDOG_EWM_DriverIRQHandler
                0x0000029a                PDB0_DriverIRQHandler
                0x0000029a                DMA8_DMA24_DriverIRQHandler
                0x0000029a                DMA6_DMA22_DriverIRQHandler
                0x0000029a                RTC_DriverIRQHandler
                0x0000029a                I2S0_Rx_DriverIRQHandler
                0x0000029a                Read_Collision_DriverIRQHandler
                0x0000029a                SWI_DriverIRQHandler
                0x0000029a                UART4_ERR_DriverIRQHandler
                0x0000029a                PORTB_DriverIRQHandler
                0x0000029a                DMA13_DMA29_DriverIRQHandler
                0x0000029a                DMA11_DMA27_DriverIRQHandler
                0x0000029a                DMA4_DMA20_DriverIRQHandler
                0x0000029a                DMA9_DMA25_DriverIRQHandler
                0x0000029a                I2C1_DriverIRQHandler
                0x0000029a                DMA3_DMA19_DriverIRQHandler
                0x0000029a                Reserved85_DriverIRQHandler
                0x0000029a                SPI0_DriverIRQHandler
                0x0000029a                ADC0_DriverIRQHandler
                0x0000029a                USBHS_DriverIRQHandler
                0x0000029a                CMP0_DriverIRQHandler
                0x0000029a                CAN0_DriverIRQHandler
                0x0000029a                FTM3_DriverIRQHandler
                0x0000029a                DMA5_DMA21_DriverIRQHandler
                0x0000029a                Reserved84_DriverIRQHandler
                0x0000029a                DMA15_DMA31_DriverIRQHandler
                0x0000029a                UART1_ERR_DriverIRQHandler
                0x0000029a                PORTD_DriverIRQHandler
                0x0000029a                Reserved46_DriverIRQHandler
                0x0000029a                PORTE_DriverIRQHandler
                0x0000029a                FTFE_DriverIRQHandler
                0x0000029a                I2C0_DriverIRQHandler
                0x0000029a                CAN1_DriverIRQHandler
                0x00000400                        . = 0x400
 *fill*         0x0000029c      0x164 ff
                0x00000400                        PROVIDE (__FLASH_CONFIG_START__ = .)
 *(SORT_BY_ALIGNMENT(.FlashConfig))
 .FlashConfig   0x00000400       0x10 ./startup/startup_mk66f18.o
                0x00000400                Flash_Config
                0x00000410                        PROVIDE (__FLASH_CONFIG_END__ = .)
                0x00000001                        ASSERT (! ((__FLASH_CONFIG_START__ == __FLASH_CONFIG_END__)), Linker Flash Config Support Enabled, but no .FlashConfig section provided within application)
 *(SORT_BY_ALIGNMENT(.text*))
 .text.__assertion_failed
                0x00000410       0x18 ./utilities/fsl_assert.o
                0x00000410                __assertion_failed
 .text.DbgConsole_Init
                0x00000428       0x74 ./utilities/fsl_debug_console.o
                0x00000428                DbgConsole_Init
 .text.DbgConsole_Vprintf
                0x0000049c       0x3c ./utilities/fsl_debug_console.o
                0x0000049c                DbgConsole_Vprintf
 .text.DbgConsole_Putchar
                0x000004d8       0x30 ./utilities/fsl_debug_console.o
                0x000004d8                DbgConsole_Putchar
 .text.DbgConsole_PrintfFormattedData
                0x00000508      0x9d8 ./utilities/fsl_debug_console.o
 .text.encrypt_and_send
                0x00000ee0      0x18c ./source/enet_txrx_transfer.o
                0x00000ee0                encrypt_and_send
 .text.receive_and_decrypt
                0x0000106c      0x1d0 ./source/enet_txrx_transfer.o
                0x0000106c                receive_and_decrypt
 .text.main     0x0000123c       0xd0 ./source/enet_txrx_transfer.o
                0x0000123c                main
 .text.PHY_KSZ8081_Init
                0x0000130c      0x128 ./phy/fsl_phyksz8081.o
                0x0000130c                PHY_KSZ8081_Init
 .text.PHY_KSZ8081_GetAutoNegotiationStatus
                0x00001434       0x54 ./phy/fsl_phyksz8081.o
                0x00001434                PHY_KSZ8081_GetAutoNegotiationStatus
 .text.PHY_KSZ8081_GetLinkStatus
                0x00001488       0x58 ./phy/fsl_phyksz8081.o
                0x00001488                PHY_KSZ8081_GetLinkStatus
 .text.PHY_KSZ8081_GetLinkSpeedDuplex
                0x000014e0       0x98 ./phy/fsl_phyksz8081.o
                0x000014e0                PHY_KSZ8081_GetLinkSpeedDuplex
 .text.PHY_KSZ8081_SetLinkSpeedDuplex
                0x00001578       0x90 ./phy/fsl_phyksz8081.o
                0x00001578                PHY_KSZ8081_SetLinkSpeedDuplex
 .text.PHY_KSZ8081_EnableLoopback
                0x00001608      0x150 ./phy/fsl_phyksz8081.o
                0x00001608                PHY_KSZ8081_EnableLoopback
 .text.ENET_MDIO_Init
                0x00001758       0x44 ./mdio/fsl_enet_mdio.o
 .text.ENET_MDIO_Read
                0x0000179c       0x74 ./mdio/fsl_enet_mdio.o
 .text.ENET_MDIO_ReadExt
                0x00001810       0x98 ./mdio/fsl_enet_mdio.o
 .text.KeyExpansion
                0x000018a8      0x1a0 ./drivers/Aes_DR.o
 .text.SubBytes
                0x00001a48       0x64 ./drivers/Aes_DR.o
 .text.InvSubBytes
                0x00001aac       0x64 ./drivers/Aes_DR.o
 .text.CLOCK_SetRmii0Clock
                0x00001b10       0x38 ./drivers/enet.o
 .text.enet_init
                0x00001b48      0x150 ./drivers/enet.o
                0x00001b48                enet_init
 .text.CLOCK_SetEr32kClock
                0x00001c98       0x30 ./drivers/fsl_clock.o
 .text.CLOCK_SetPllFllSelClock
                0x00001cc8       0x54 ./drivers/fsl_clock.o
 .text.CLOCK_GetMcgExtClkFreq
                0x00001d1c       0x7c ./drivers/fsl_clock.o
 .text.CLOCK_GetFllExtRefClkFreq
                0x00001d98       0xb0 ./drivers/fsl_clock.o
 .text.CLOCK_GetInternalRefClkSelectFreq
                0x00001e48       0x4c ./drivers/fsl_clock.o
 .text.CLOCK_GetFllRefClkFreq
                0x00001e94       0x34 ./drivers/fsl_clock.o
 .text.CLOCK_GetOscRangeFromFreq
                0x00001ec8       0x3c ./drivers/fsl_clock.o
 .text.CLOCK_GetOsc0ErClkUndivFreq
                0x00001f04       0x44 ./drivers/fsl_clock.o
                0x00001f04                CLOCK_GetOsc0ErClkUndivFreq
 .text.CLOCK_GetOsc0ErClkDivFreq
                0x00001f48       0x58 ./drivers/fsl_clock.o
                0x00001f48                CLOCK_GetOsc0ErClkDivFreq
 .text.CLOCK_GetEr32kClkFreq
                0x00001fa0       0x74 ./drivers/fsl_clock.o
                0x00001fa0                CLOCK_GetEr32kClkFreq
 .text.CLOCK_GetPllFllSelClkFreq
                0x00002014       0x90 ./drivers/fsl_clock.o
                0x00002014                CLOCK_GetPllFllSelClkFreq
 .text.CLOCK_GetCoreSysClkFreq
                0x000020a4       0x28 ./drivers/fsl_clock.o
                0x000020a4                CLOCK_GetCoreSysClkFreq
 .text.CLOCK_GetFreq
                0x000020cc      0x148 ./drivers/fsl_clock.o
                0x000020cc                CLOCK_GetFreq
 .text.CLOCK_SetSimConfig
                0x00002214       0x40 ./drivers/fsl_clock.o
                0x00002214                CLOCK_SetSimConfig
 .text.CLOCK_GetOutClkFreq
                0x00002254       0x90 ./drivers/fsl_clock.o
                0x00002254                CLOCK_GetOutClkFreq
 .text.CLOCK_GetFllFreq
                0x000022e4       0x84 ./drivers/fsl_clock.o
                0x000022e4                CLOCK_GetFllFreq
 .text.CLOCK_GetInternalRefClkFreq
                0x00002368       0x30 ./drivers/fsl_clock.o
                0x00002368                CLOCK_GetInternalRefClkFreq
 .text.CLOCK_GetPll0Freq
                0x00002398       0x7c ./drivers/fsl_clock.o
                0x00002398                CLOCK_GetPll0Freq
 .text.CLOCK_GetExtPllFreq
                0x00002414       0x18 ./drivers/fsl_clock.o
                0x00002414                CLOCK_GetExtPllFreq
 .text.CLOCK_SetExternalRefClkConfig
                0x0000242c       0x6c ./drivers/fsl_clock.o
                0x0000242c                CLOCK_SetExternalRefClkConfig
 .text.CLOCK_SetInternalRefClkConfig
                0x00002498      0x104 ./drivers/fsl_clock.o
                0x00002498                CLOCK_SetInternalRefClkConfig
 .text.CLOCK_EnablePll0
                0x0000259c       0x88 ./drivers/fsl_clock.o
                0x0000259c                CLOCK_EnablePll0
 .text.CLOCK_InitOsc0
                0x00002624       0x8c ./drivers/fsl_clock.o
                0x00002624                CLOCK_InitOsc0
 .text.CLOCK_SetPbeMode
                0x000026b0       0xe8 ./drivers/fsl_clock.o
                0x000026b0                CLOCK_SetPbeMode
 .text.CLOCK_BootToPeeMode
                0x00002798       0x68 ./drivers/fsl_clock.o
                0x00002798                CLOCK_BootToPeeMode
 .text.__NVIC_EnableIRQ
                0x00002800       0x3c ./drivers/fsl_enet.o
 .text.ENET_GetInstance
                0x0000283c       0x44 ./drivers/fsl_enet.o
                0x0000283c                ENET_GetInstance
 .text.ENET_GetDefaultConfig
                0x00002880       0x4c ./drivers/fsl_enet.o
                0x00002880                ENET_GetDefaultConfig
 .text.ENET_Up  0x000028cc       0xb8 ./drivers/fsl_enet.o
                0x000028cc                ENET_Up
 .text.ENET_Init
                0x00002984       0x48 ./drivers/fsl_enet.o
                0x00002984                ENET_Init
 .text.ENET_SetRxISRHandler
                0x000029cc       0x30 ./drivers/fsl_enet.o
                0x000029cc                ENET_SetRxISRHandler
 .text.ENET_SetTxISRHandler
                0x000029fc       0x30 ./drivers/fsl_enet.o
                0x000029fc                ENET_SetTxISRHandler
 .text.ENET_SetErrISRHandler
                0x00002a2c       0x30 ./drivers/fsl_enet.o
                0x00002a2c                ENET_SetErrISRHandler
 .text.ENET_SetHandler
                0x00002a5c      0x1a8 ./drivers/fsl_enet.o
 .text.ENET_SetMacController
                0x00002c04      0x250 ./drivers/fsl_enet.o
 .text.ENET_SetTxBufferDescriptors
                0x00002e54       0xe4 ./drivers/fsl_enet.o
 .text.ENET_SetRxBufferDescriptors
                0x00002f38       0xfc ./drivers/fsl_enet.o
 .text.ENET_RxBufferAllocAll
                0x00003034       0xcc ./drivers/fsl_enet.o
 .text.ENET_RxBufferFreeAll
                0x00003100       0xc4 ./drivers/fsl_enet.o
 .text.ENET_ActiveReadRing
                0x000031c4       0x44 ./drivers/fsl_enet.o
 .text.ENET_ActiveSendRing
                0x00003208       0x4c ./drivers/fsl_enet.o
 .text.ENET_SetSMI
                0x00003254       0xa0 ./drivers/fsl_enet.o
                0x00003254                ENET_SetSMI
 .text.ENET_IncreaseIndex
                0x000032f4       0x40 ./drivers/fsl_enet.o
 .text.ENET_GetRxErrBeforeReadFrame
                0x00003334      0x108 ./drivers/fsl_enet.o
                0x00003334                ENET_GetRxErrBeforeReadFrame
 .text.ENET_GetRxFrameSize
                0x0000343c      0x128 ./drivers/fsl_enet.o
                0x0000343c                ENET_GetRxFrameSize
 .text.ENET_ReadFrame
                0x00003564      0x188 ./drivers/fsl_enet.o
                0x00003564                ENET_ReadFrame
 .text.ENET_UpdateReadBuffers
                0x000036ec       0x94 ./drivers/fsl_enet.o
 .text.ENET_SendFrame
                0x00003780      0x378 ./drivers/fsl_enet.o
                0x00003780                ENET_SendFrame
 .text.ENET_ReclaimTxDescriptor
                0x00003af8      0x10c ./drivers/fsl_enet.o
                0x00003af8                ENET_ReclaimTxDescriptor
 .text.ENET_TransmitIRQHandler
                0x00003c04       0x8c ./drivers/fsl_enet.o
                0x00003c04                ENET_TransmitIRQHandler
 .text.ENET_ReceiveIRQHandler
                0x00003c90       0x5c ./drivers/fsl_enet.o
                0x00003c90                ENET_ReceiveIRQHandler
 .text.ENET_ErrorIRQHandler
                0x00003cec       0x90 ./drivers/fsl_enet.o
                0x00003cec                ENET_ErrorIRQHandler
 .text.ENET_Ptp1588IRQHandler
                0x00003d7c       0x44 ./drivers/fsl_enet.o
                0x00003d7c                ENET_Ptp1588IRQHandler
 .text.ENET_TxIRQHandler
                0x00003dc0       0x48 ./drivers/fsl_enet.o
                0x00003dc0                ENET_TxIRQHandler
 .text.ENET_RxIRQHandler
                0x00003e08       0x44 ./drivers/fsl_enet.o
                0x00003e08                ENET_RxIRQHandler
 .text.ENET_ErrIRQHandler
                0x00003e4c       0x44 ./drivers/fsl_enet.o
                0x00003e4c                ENET_ErrIRQHandler
 .text.ENET_Transmit_DriverIRQHandler
                0x00003e90       0x18 ./drivers/fsl_enet.o
                0x00003e90                ENET_Transmit_DriverIRQHandler
 .text.ENET_Receive_DriverIRQHandler
                0x00003ea8       0x18 ./drivers/fsl_enet.o
                0x00003ea8                ENET_Receive_DriverIRQHandler
 .text.ENET_Error_DriverIRQHandler
                0x00003ec0       0x18 ./drivers/fsl_enet.o
                0x00003ec0                ENET_Error_DriverIRQHandler
 .text.ENET_1588_Timer_DriverIRQHandler
                0x00003ed8       0x18 ./drivers/fsl_enet.o
                0x00003ed8                ENET_1588_Timer_DriverIRQHandler
 .text.LPUART0_DriverIRQHandler
                0x00003ef0       0x28 ./drivers/fsl_lpuart.o
                0x00003ef0                LPUART0_DriverIRQHandler
 .text.UART_GetInstance
                0x00003f18       0x54 ./drivers/fsl_uart.o
                0x00003f18                UART_GetInstance
 .text.UART_Init
                0x00003f6c      0x2f4 ./drivers/fsl_uart.o
                0x00003f6c                UART_Init
 .text.UART_GetDefaultConfig
                0x00004260       0x68 ./drivers/fsl_uart.o
                0x00004260                UART_GetDefaultConfig
 .text.UART_ReadBlocking
                0x000042c8       0xfc ./drivers/fsl_uart.o
                0x000042c8                UART_ReadBlocking
 .text.UART0_DriverIRQHandler
                0x000043c4       0x28 ./drivers/fsl_uart.o
                0x000043c4                UART0_DriverIRQHandler
 .text.UART1_DriverIRQHandler
                0x000043ec       0x28 ./drivers/fsl_uart.o
                0x000043ec                UART1_DriverIRQHandler
 .text.UART2_DriverIRQHandler
                0x00004414       0x28 ./drivers/fsl_uart.o
                0x00004414                UART2_DriverIRQHandler
 .text.UART3_DriverIRQHandler
                0x0000443c       0x28 ./drivers/fsl_uart.o
                0x0000443c                UART3_DriverIRQHandler
 .text.UART4_DriverIRQHandler
                0x00004464       0x28 ./drivers/fsl_uart.o
                0x00004464                UART4_DriverIRQHandler
 .text.SystemInit
                0x0000448c       0x3c ./device/system_MK66F18.o
                0x0000448c                SystemInit
 .text.HAL_UartInit
                0x000044c8      0x128 ./component/uart/fsl_adapter_uart.o
                0x000044c8                HAL_UartInit
 .text.HAL_UartReceiveBlocking
                0x000045f0       0x6c ./component/uart/fsl_adapter_uart.o
                0x000045f0                HAL_UartReceiveBlocking
 .text.HAL_UartSendBlocking
                0x0000465c       0x64 ./component/uart/fsl_adapter_uart.o
                0x0000465c                HAL_UartSendBlocking
 .text.CLOCK_SetSimSafeDivs
                0x000046c0       0x24 ./board/clock_config.o
 .text.CLOCK_SetXtal0Freq
                0x000046e4       0x20 ./board/clock_config.o
 .text.CLOCK_CONFIG_SetFllExtRefDiv
                0x00004704       0x3c ./board/clock_config.o
 .text.BOARD_BootClockRUN
                0x00004740       0x60 ./board/clock_config.o
                0x00004740                BOARD_BootClockRUN
 .text.PORT_SetPinConfig
                0x000047a0       0x38 ./board/pin_mux.o
 .text.BOARD_InitPins
                0x000047d8       0xe0 ./board/pin_mux.o
                0x000047d8                BOARD_InitPins
 .text.malloc   0x000048b8       0xc8 D:/Eldic/NXP/MCUXpressoIDE_24.12.148/ide/plugins/com.nxp.mcuxpresso.tools.win32_24.12.0.202407110909/tools/bin/../lib/gcc/arm-none-eabi/13.2.1/../../../../arm-none-eabi/lib/thumb/v7e-m+fp/hard\libcr_c.a(alloc.o)
                0x000048b8                malloc
 .text._initio  0x00004980       0x78 D:/Eldic/NXP/MCUXpressoIDE_24.12.148/ide/plugins/com.nxp.mcuxpresso.tools.win32_24.12.0.202407110909/tools/bin/../lib/gcc/arm-none-eabi/13.2.1/../../../../arm-none-eabi/lib/thumb/v7e-m+fp/hard\libcr_c.a(initio.o)
                0x00004980                _initio
 .text._sbrk    0x000049f8       0x3c D:/Eldic/NXP/MCUXpressoIDE_24.12.148/ide/plugins/com.nxp.mcuxpresso.tools.win32_24.12.0.202407110909/tools/bin/../lib/gcc/arm-none-eabi/13.2.1/../../../../arm-none-eabi/lib/thumb/v7e-m+fp/hard\libcr_c.a(_cr_sbrk.o)
                0x000049f8                _sbrk
 .text.fflush   0x00004a34       0x3c D:/Eldic/NXP/MCUXpressoIDE_24.12.148/ide/plugins/com.nxp.mcuxpresso.tools.win32_24.12.0.202407110909/tools/bin/../lib/gcc/arm-none-eabi/13.2.1/../../../../arm-none-eabi/lib/thumb/v7e-m+fp/hard\libcr_c.a(fflush.o)
                0x00004a34                fflush
 .text.fseek    0x00004a70       0xf8 D:/Eldic/NXP/MCUXpressoIDE_24.12.148/ide/plugins/com.nxp.mcuxpresso.tools.win32_24.12.0.202407110909/tools/bin/../lib/gcc/arm-none-eabi/13.2.1/../../../../arm-none-eabi/lib/thumb/v7e-m+fp/hard\libcr_c.a(fseek.o)
                0x00004a70                fseek
 .text.ftell    0x00004b68       0x44 D:/Eldic/NXP/MCUXpressoIDE_24.12.148/ide/plugins/com.nxp.mcuxpresso.tools.win32_24.12.0.202407110909/tools/bin/../lib/gcc/arm-none-eabi/13.2.1/../../../../arm-none-eabi/lib/thumb/v7e-m+fp/hard\libcr_c.a(ftell.o)
                0x00004b68                ftell
 .text.__check_heap_overflow
                0x00004bac       0x18 D:/Eldic/NXP/MCUXpressoIDE_24.12.148/ide/plugins/com.nxp.mcuxpresso.tools.win32_24.12.0.202407110909/tools/bin/../lib/gcc/arm-none-eabi/13.2.1/../../../../arm-none-eabi/lib/thumb/v7e-m+fp/hard\libcr_c.a(_cr_check_heap.o)
                0x00004bac                __check_heap_overflow
 .text._Cwritebuf
                0x00004bc4       0x6c D:/Eldic/NXP/MCUXpressoIDE_24.12.148/ide/plugins/com.nxp.mcuxpresso.tools.win32_24.12.0.202407110909/tools/bin/../lib/gcc/arm-none-eabi/13.2.1/../../../../arm-none-eabi/lib/thumb/v7e-m+fp/hard\libcr_c.a(_writebuf.o)
                0x00004bc4                _Cwritebuf
 .text.DbgConsole_Printf
                0x00004c30       0x2c ./utilities/fsl_debug_console.o
                0x00004c30                DbgConsole_Printf
 .text.DbgConsole_PrintfPaddingCharacter
                0x00004c5c       0x40 ./utilities/fsl_debug_console.o
 .text.DbgConsole_ConvertRadixNumToString
                0x00004c9c      0x2b0 ./utilities/fsl_debug_console.o
 .text.DMA0_DMA16_IRQHandler
                0x00004f4c        0x8 ./startup/startup_mk66f18.o
                0x00004f4c                DMA0_DMA16_IRQHandler
 .text.DMA1_DMA17_IRQHandler
                0x00004f54        0x8 ./startup/startup_mk66f18.o
                0x00004f54                DMA1_DMA17_IRQHandler
 .text.DMA2_DMA18_IRQHandler
                0x00004f5c        0x8 ./startup/startup_mk66f18.o
                0x00004f5c                DMA2_DMA18_IRQHandler
 .text.DMA3_DMA19_IRQHandler
                0x00004f64        0x8 ./startup/startup_mk66f18.o
                0x00004f64                DMA3_DMA19_IRQHandler
 .text.DMA4_DMA20_IRQHandler
                0x00004f6c        0x8 ./startup/startup_mk66f18.o
                0x00004f6c                DMA4_DMA20_IRQHandler
 .text.DMA5_DMA21_IRQHandler
                0x00004f74        0x8 ./startup/startup_mk66f18.o
                0x00004f74                DMA5_DMA21_IRQHandler
 .text.DMA6_DMA22_IRQHandler
                0x00004f7c        0x8 ./startup/startup_mk66f18.o
                0x00004f7c                DMA6_DMA22_IRQHandler
 .text.DMA7_DMA23_IRQHandler
                0x00004f84        0x8 ./startup/startup_mk66f18.o
                0x00004f84                DMA7_DMA23_IRQHandler
 .text.DMA8_DMA24_IRQHandler
                0x00004f8c        0x8 ./startup/startup_mk66f18.o
                0x00004f8c                DMA8_DMA24_IRQHandler
 .text.DMA9_DMA25_IRQHandler
                0x00004f94        0x8 ./startup/startup_mk66f18.o
                0x00004f94                DMA9_DMA25_IRQHandler
 .text.DMA10_DMA26_IRQHandler
                0x00004f9c        0x8 ./startup/startup_mk66f18.o
                0x00004f9c                DMA10_DMA26_IRQHandler
 .text.DMA11_DMA27_IRQHandler
                0x00004fa4        0x8 ./startup/startup_mk66f18.o
                0x00004fa4                DMA11_DMA27_IRQHandler
 .text.DMA12_DMA28_IRQHandler
                0x00004fac        0x8 ./startup/startup_mk66f18.o
                0x00004fac                DMA12_DMA28_IRQHandler
 .text.DMA13_DMA29_IRQHandler
                0x00004fb4        0x8 ./startup/startup_mk66f18.o
                0x00004fb4                DMA13_DMA29_IRQHandler
 .text.DMA14_DMA30_IRQHandler
                0x00004fbc        0x8 ./startup/startup_mk66f18.o
                0x00004fbc                DMA14_DMA30_IRQHandler
 .text.DMA15_DMA31_IRQHandler
                0x00004fc4        0x8 ./startup/startup_mk66f18.o
                0x00004fc4                DMA15_DMA31_IRQHandler
 .text.DMA_Error_IRQHandler
                0x00004fcc        0x8 ./startup/startup_mk66f18.o
                0x00004fcc                DMA_Error_IRQHandler
 .text.MCM_IRQHandler
                0x00004fd4        0x8 ./startup/startup_mk66f18.o
                0x00004fd4                MCM_IRQHandler
 .text.FTFE_IRQHandler
                0x00004fdc        0x8 ./startup/startup_mk66f18.o
                0x00004fdc                FTFE_IRQHandler
 .text.Read_Collision_IRQHandler
                0x00004fe4        0x8 ./startup/startup_mk66f18.o
                0x00004fe4                Read_Collision_IRQHandler
 .text.LVD_LVW_IRQHandler
                0x00004fec        0x8 ./startup/startup_mk66f18.o
                0x00004fec                LVD_LVW_IRQHandler
 .text.LLWU_IRQHandler
                0x00004ff4        0x8 ./startup/startup_mk66f18.o
                0x00004ff4                LLWU_IRQHandler
 .text.WDOG_EWM_IRQHandler
                0x00004ffc        0x8 ./startup/startup_mk66f18.o
                0x00004ffc                WDOG_EWM_IRQHandler
 .text.RNG_IRQHandler
                0x00005004        0x8 ./startup/startup_mk66f18.o
                0x00005004                RNG_IRQHandler
 .text.I2C0_IRQHandler
                0x0000500c        0x8 ./startup/startup_mk66f18.o
                0x0000500c                I2C0_IRQHandler
 .text.I2C1_IRQHandler
                0x00005014        0x8 ./startup/startup_mk66f18.o
                0x00005014                I2C1_IRQHandler
 .text.SPI0_IRQHandler
                0x0000501c        0x8 ./startup/startup_mk66f18.o
                0x0000501c                SPI0_IRQHandler
 .text.SPI1_IRQHandler
                0x00005024        0x8 ./startup/startup_mk66f18.o
                0x00005024                SPI1_IRQHandler
 .text.I2S0_Tx_IRQHandler
                0x0000502c        0x8 ./startup/startup_mk66f18.o
                0x0000502c                I2S0_Tx_IRQHandler
 .text.I2S0_Rx_IRQHandler
                0x00005034        0x8 ./startup/startup_mk66f18.o
                0x00005034                I2S0_Rx_IRQHandler
 .text.Reserved46_IRQHandler
                0x0000503c        0x8 ./startup/startup_mk66f18.o
                0x0000503c                Reserved46_IRQHandler
 .text.UART0_RX_TX_IRQHandler
                0x00005044        0x8 ./startup/startup_mk66f18.o
                0x00005044                UART0_RX_TX_IRQHandler
 .text.UART0_ERR_IRQHandler
                0x0000504c        0x8 ./startup/startup_mk66f18.o
                0x0000504c                UART0_ERR_IRQHandler
 .text.UART1_RX_TX_IRQHandler
                0x00005054        0x8 ./startup/startup_mk66f18.o
                0x00005054                UART1_RX_TX_IRQHandler
 .text.UART1_ERR_IRQHandler
                0x0000505c        0x8 ./startup/startup_mk66f18.o
                0x0000505c                UART1_ERR_IRQHandler
 .text.UART2_RX_TX_IRQHandler
                0x00005064        0x8 ./startup/startup_mk66f18.o
                0x00005064                UART2_RX_TX_IRQHandler
 .text.UART2_ERR_IRQHandler
                0x0000506c        0x8 ./startup/startup_mk66f18.o
                0x0000506c                UART2_ERR_IRQHandler
 .text.UART3_RX_TX_IRQHandler
                0x00005074        0x8 ./startup/startup_mk66f18.o
                0x00005074                UART3_RX_TX_IRQHandler
 .text.UART3_ERR_IRQHandler
                0x0000507c        0x8 ./startup/startup_mk66f18.o
                0x0000507c                UART3_ERR_IRQHandler
 .text.ADC0_IRQHandler
                0x00005084        0x8 ./startup/startup_mk66f18.o
                0x00005084                ADC0_IRQHandler
 .text.CMP0_IRQHandler
                0x0000508c        0x8 ./startup/startup_mk66f18.o
                0x0000508c                CMP0_IRQHandler
 .text.CMP1_IRQHandler
                0x00005094        0x8 ./startup/startup_mk66f18.o
                0x00005094                CMP1_IRQHandler
 .text.FTM0_IRQHandler
                0x0000509c        0x8 ./startup/startup_mk66f18.o
                0x0000509c                FTM0_IRQHandler
 .text.FTM1_IRQHandler
                0x000050a4        0x8 ./startup/startup_mk66f18.o
                0x000050a4                FTM1_IRQHandler
 .text.FTM2_IRQHandler
                0x000050ac        0x8 ./startup/startup_mk66f18.o
                0x000050ac                FTM2_IRQHandler
 .text.CMT_IRQHandler
                0x000050b4        0x8 ./startup/startup_mk66f18.o
                0x000050b4                CMT_IRQHandler
 .text.RTC_IRQHandler
                0x000050bc        0x8 ./startup/startup_mk66f18.o
                0x000050bc                RTC_IRQHandler
 .text.RTC_Seconds_IRQHandler
                0x000050c4        0x8 ./startup/startup_mk66f18.o
                0x000050c4                RTC_Seconds_IRQHandler
 .text.PIT0_IRQHandler
                0x000050cc        0x8 ./startup/startup_mk66f18.o
                0x000050cc                PIT0_IRQHandler
 .text.PIT1_IRQHandler
                0x000050d4        0x8 ./startup/startup_mk66f18.o
                0x000050d4                PIT1_IRQHandler
 .text.PIT2_IRQHandler
                0x000050dc        0x8 ./startup/startup_mk66f18.o
                0x000050dc                PIT2_IRQHandler
 .text.PIT3_IRQHandler
                0x000050e4        0x8 ./startup/startup_mk66f18.o
                0x000050e4                PIT3_IRQHandler
 .text.PDB0_IRQHandler
                0x000050ec        0x8 ./startup/startup_mk66f18.o
                0x000050ec                PDB0_IRQHandler
 .text.USB0_IRQHandler
                0x000050f4        0x8 ./startup/startup_mk66f18.o
                0x000050f4                USB0_IRQHandler
 .text.USBDCD_IRQHandler
                0x000050fc        0x8 ./startup/startup_mk66f18.o
                0x000050fc                USBDCD_IRQHandler
 .text.Reserved71_IRQHandler
                0x00005104        0x8 ./startup/startup_mk66f18.o
                0x00005104                Reserved71_IRQHandler
 .text.DAC0_IRQHandler
                0x0000510c        0x8 ./startup/startup_mk66f18.o
                0x0000510c                DAC0_IRQHandler
 .text.MCG_IRQHandler
                0x00005114        0x8 ./startup/startup_mk66f18.o
                0x00005114                MCG_IRQHandler
 .text.LPTMR0_IRQHandler
                0x0000511c        0x8 ./startup/startup_mk66f18.o
                0x0000511c                LPTMR0_IRQHandler
 .text.PORTA_IRQHandler
                0x00005124        0x8 ./startup/startup_mk66f18.o
                0x00005124                PORTA_IRQHandler
 .text.PORTB_IRQHandler
                0x0000512c        0x8 ./startup/startup_mk66f18.o
                0x0000512c                PORTB_IRQHandler
 .text.PORTC_IRQHandler
                0x00005134        0x8 ./startup/startup_mk66f18.o
                0x00005134                PORTC_IRQHandler
 .text.PORTD_IRQHandler
                0x0000513c        0x8 ./startup/startup_mk66f18.o
                0x0000513c                PORTD_IRQHandler
 .text.PORTE_IRQHandler
                0x00005144        0x8 ./startup/startup_mk66f18.o
                0x00005144                PORTE_IRQHandler
 .text.SWI_IRQHandler
                0x0000514c        0x8 ./startup/startup_mk66f18.o
                0x0000514c                SWI_IRQHandler
 .text.SPI2_IRQHandler
                0x00005154        0x8 ./startup/startup_mk66f18.o
                0x00005154                SPI2_IRQHandler
 .text.UART4_RX_TX_IRQHandler
                0x0000515c        0x8 ./startup/startup_mk66f18.o
                0x0000515c                UART4_RX_TX_IRQHandler
 .text.UART4_ERR_IRQHandler
                0x00005164        0x8 ./startup/startup_mk66f18.o
                0x00005164                UART4_ERR_IRQHandler
 .text.Reserved84_IRQHandler
                0x0000516c        0x8 ./startup/startup_mk66f18.o
                0x0000516c                Reserved84_IRQHandler
 .text.Reserved85_IRQHandler
                0x00005174        0x8 ./startup/startup_mk66f18.o
                0x00005174                Reserved85_IRQHandler
 .text.CMP2_IRQHandler
                0x0000517c        0x8 ./startup/startup_mk66f18.o
                0x0000517c                CMP2_IRQHandler
 .text.FTM3_IRQHandler
                0x00005184        0x8 ./startup/startup_mk66f18.o
                0x00005184                FTM3_IRQHandler
 .text.DAC1_IRQHandler
                0x0000518c        0x8 ./startup/startup_mk66f18.o
                0x0000518c                DAC1_IRQHandler
 .text.ADC1_IRQHandler
                0x00005194        0x8 ./startup/startup_mk66f18.o
                0x00005194                ADC1_IRQHandler
 .text.I2C2_IRQHandler
                0x0000519c        0x8 ./startup/startup_mk66f18.o
                0x0000519c                I2C2_IRQHandler
 .text.CAN0_ORed_Message_buffer_IRQHandler
                0x000051a4        0x8 ./startup/startup_mk66f18.o
                0x000051a4                CAN0_ORed_Message_buffer_IRQHandler
 .text.CAN0_Bus_Off_IRQHandler
                0x000051ac        0x8 ./startup/startup_mk66f18.o
                0x000051ac                CAN0_Bus_Off_IRQHandler
 .text.CAN0_Error_IRQHandler
                0x000051b4        0x8 ./startup/startup_mk66f18.o
                0x000051b4                CAN0_Error_IRQHandler
 .text.CAN0_Tx_Warning_IRQHandler
                0x000051bc        0x8 ./startup/startup_mk66f18.o
                0x000051bc                CAN0_Tx_Warning_IRQHandler
 .text.CAN0_Rx_Warning_IRQHandler
                0x000051c4        0x8 ./startup/startup_mk66f18.o
                0x000051c4                CAN0_Rx_Warning_IRQHandler
 .text.CAN0_Wake_Up_IRQHandler
                0x000051cc        0x8 ./startup/startup_mk66f18.o
                0x000051cc                CAN0_Wake_Up_IRQHandler
 .text.SDHC_IRQHandler
                0x000051d4        0x8 ./startup/startup_mk66f18.o
                0x000051d4                SDHC_IRQHandler
 .text.ENET_1588_Timer_IRQHandler
                0x000051dc        0x8 ./startup/startup_mk66f18.o
                0x000051dc                ENET_1588_Timer_IRQHandler
 .text.ENET_Transmit_IRQHandler
                0x000051e4        0x8 ./startup/startup_mk66f18.o
                0x000051e4                ENET_Transmit_IRQHandler
 .text.ENET_Receive_IRQHandler
                0x000051ec        0x8 ./startup/startup_mk66f18.o
                0x000051ec                ENET_Receive_IRQHandler
 .text.ENET_Error_IRQHandler
                0x000051f4        0x8 ./startup/startup_mk66f18.o
                0x000051f4                ENET_Error_IRQHandler
 .text.LPUART0_IRQHandler
                0x000051fc        0x8 ./startup/startup_mk66f18.o
                0x000051fc                LPUART0_IRQHandler
 .text.TSI0_IRQHandler
                0x00005204        0x8 ./startup/startup_mk66f18.o
                0x00005204                TSI0_IRQHandler
 .text.TPM1_IRQHandler
                0x0000520c        0x8 ./startup/startup_mk66f18.o
                0x0000520c                TPM1_IRQHandler
 .text.TPM2_IRQHandler
                0x00005214        0x8 ./startup/startup_mk66f18.o
                0x00005214                TPM2_IRQHandler
 .text.USBHSDCD_IRQHandler
                0x0000521c        0x8 ./startup/startup_mk66f18.o
                0x0000521c                USBHSDCD_IRQHandler
 .text.I2C3_IRQHandler
                0x00005224        0x8 ./startup/startup_mk66f18.o
                0x00005224                I2C3_IRQHandler
 .text.CMP3_IRQHandler
                0x0000522c        0x8 ./startup/startup_mk66f18.o
                0x0000522c                CMP3_IRQHandler
 .text.USBHS_IRQHandler
                0x00005234        0x8 ./startup/startup_mk66f18.o
                0x00005234                USBHS_IRQHandler
 .text.CAN1_ORed_Message_buffer_IRQHandler
                0x0000523c        0x8 ./startup/startup_mk66f18.o
                0x0000523c                CAN1_ORed_Message_buffer_IRQHandler
 .text.CAN1_Bus_Off_IRQHandler
                0x00005244        0x8 ./startup/startup_mk66f18.o
                0x00005244                CAN1_Bus_Off_IRQHandler
 .text.CAN1_Error_IRQHandler
                0x0000524c        0x8 ./startup/startup_mk66f18.o
                0x0000524c                CAN1_Error_IRQHandler
 .text.CAN1_Tx_Warning_IRQHandler
                0x00005254        0x8 ./startup/startup_mk66f18.o
                0x00005254                CAN1_Tx_Warning_IRQHandler
 .text.CAN1_Rx_Warning_IRQHandler
                0x0000525c        0x8 ./startup/startup_mk66f18.o
                0x0000525c                CAN1_Rx_Warning_IRQHandler
 .text.CAN1_Wake_Up_IRQHandler
                0x00005264        0x8 ./startup/startup_mk66f18.o
                0x00005264                CAN1_Wake_Up_IRQHandler
 .text.PHY_GetLinkStatus
                0x0000526c       0x20 ./source/enet_txrx_transfer.o
 .text.pad_pkcs7
                0x0000528c       0x4c ./source/enet_txrx_transfer.o
                0x0000528c                pad_pkcs7
 .text.HardFault_Handler
                0x000052d8       0x36 ./source/semihost_hardfault.o
                0x000052d8                HardFault_Handler
 .text.MDIO_Init
                0x0000530e       0x1a ./phy/fsl_phyksz8081.o
 .text.MDIO_Write
                0x00005328       0x28 ./phy/fsl_phyksz8081.o
 .text.MDIO_Read
                0x00005350       0x28 ./phy/fsl_phyksz8081.o
 .text.PHY_KSZ8081_Write
                0x00005378       0x26 ./phy/fsl_phyksz8081.o
                0x00005378                PHY_KSZ8081_Write
 .text.PHY_KSZ8081_Read
                0x0000539e       0x26 ./phy/fsl_phyksz8081.o
                0x0000539e                PHY_KSZ8081_Read
 .text.CLOCK_EnableClock
                0x000053c4       0x34 ./mdio/fsl_enet_mdio.o
 .text.ENET_ReadSMIData
                0x000053f8       0x1a ./mdio/fsl_enet_mdio.o
 .text.ENET_GetInterruptStatus
                0x00005412       0x18 ./mdio/fsl_enet_mdio.o
 .text.ENET_ClearInterruptStatus
                0x0000542a       0x1c ./mdio/fsl_enet_mdio.o
 .text.ENET_MDIO_Write
                0x00005446       0x5c ./mdio/fsl_enet_mdio.o
 .text.ENET_MDIO_WriteExt
                0x000054a2       0x7e ./mdio/fsl_enet_mdio.o
 .text.ENET_MDIO_WaitTransferOver
                0x00005520       0x2a ./mdio/fsl_enet_mdio.o
 .text.AES_init_ctx_iv
                0x0000554a       0x2c ./drivers/Aes_DR.o
                0x0000554a                AES_init_ctx_iv
 .text.AddRoundKey
                0x00005576       0x78 ./drivers/Aes_DR.o
 .text.ShiftRows
                0x000055ee       0x84 ./drivers/Aes_DR.o
 .text.xtime    0x00005672       0x3e ./drivers/Aes_DR.o
 .text.MixColumns
                0x000056b0      0x16a ./drivers/Aes_DR.o
 .text.InvMixColumns
                0x0000581a      0x698 ./drivers/Aes_DR.o
 .text.InvShiftRows
                0x00005eb2       0x84 ./drivers/Aes_DR.o
 .text.Cipher   0x00005f36       0x5c ./drivers/Aes_DR.o
 .text.InvCipher
                0x00005f92       0x52 ./drivers/Aes_DR.o
 .text.XorWithIv
                0x00005fe4       0x46 ./drivers/Aes_DR.o
 .text.AES_CBC_encrypt_buffer
                0x0000602a       0x58 ./drivers/Aes_DR.o
                0x0000602a                AES_CBC_encrypt_buffer
 .text.AES_CBC_decrypt_buffer
                0x00006082       0x64 ./drivers/Aes_DR.o
                0x00006082                AES_CBC_decrypt_buffer
 .text.ENET_ActiveRead
                0x000060e6       0x1c ./drivers/enet.o
 .text.PHY_Init
                0x00006102       0x20 ./drivers/enet.o
 .text.PHY_GetAutoNegotiationStatus
                0x00006122       0x20 ./drivers/enet.o
 .text.PHY_GetLinkStatus
                0x00006142       0x20 ./drivers/enet.o
 .text.PHY_GetLinkSpeedDuplex
                0x00006162       0x24 ./drivers/enet.o
 .text.SYSMPU_Enable
                0x00006186       0x38 ./drivers/enet.o
 .text.OSC_SetExtRefClkConfig
                0x000061be       0x40 ./drivers/fsl_clock.o
 .text.OSC_SetCapLoad
                0x000061fe       0x34 ./drivers/fsl_clock.o
 .text.CLOCK_GetPll0RefFreq
                0x00006232        0xe ./drivers/fsl_clock.o
 .text.CLOCK_GetFixedFreqClkFreq
                0x00006240       0x34 ./drivers/fsl_clock.o
                0x00006240                CLOCK_GetFixedFreqClkFreq
 .text.CLOCK_EnableClock
                0x00006274       0x34 ./drivers/fsl_enet.o
 .text.EnableIRQ
                0x000062a8       0x32 ./drivers/fsl_enet.o
 .text.DisableGlobalIRQ
                0x000062da       0x22 ./drivers/fsl_enet.o
 .text.EnableGlobalIRQ
                0x000062fc       0x20 ./drivers/fsl_enet.o
 .text.ENET_Reset
                0x0000631c       0x20 ./drivers/fsl_enet.o
 .text.ENET_GetSMI
                0x0000633c       0x26 ./drivers/fsl_enet.o
 .text.ENET_EnableSleepMode
                0x00006362       0x38 ./drivers/fsl_enet.o
 .text.ENET_EnableInterrupts
                0x0000639a       0x22 ./drivers/fsl_enet.o
 .text.ENET_SetMacAddr
                0x000063bc       0x5e ./drivers/fsl_enet.o
                0x000063bc                ENET_SetMacAddr
 .text.ENET_StartSMIWrite
                0x0000641a       0x50 ./drivers/fsl_enet.o
                0x0000641a                ENET_StartSMIWrite
 .text.ENET_StartSMIRead
                0x0000646a       0x4a ./drivers/fsl_enet.o
                0x0000646a                ENET_StartSMIRead
 .text.ENET_StartExtC45SMIWriteReg
                0x000064b4       0x4e ./drivers/fsl_enet.o
                0x000064b4                ENET_StartExtC45SMIWriteReg
 .text.ENET_StartExtC45SMIWriteData
                0x00006502       0x52 ./drivers/fsl_enet.o
                0x00006502                ENET_StartExtC45SMIWriteData
 .text.ENET_StartExtC45SMIReadData
                0x00006554       0x4a ./drivers/fsl_enet.o
                0x00006554                ENET_StartExtC45SMIReadData
 .text.ENET_TxDirtyRingAvailable
                0x0000659e       0x2e ./drivers/fsl_enet.o
 .text.CLOCK_EnableClock
                0x000065cc       0x34 ./drivers/fsl_uart.o
 .text.UART_GetStatusFlags
                0x00006600       0x48 ./drivers/fsl_uart.o
                0x00006600                UART_GetStatusFlags
 .text.UART_ClearStatusFlags
                0x00006648       0x80 ./drivers/fsl_uart.o
                0x00006648                UART_ClearStatusFlags
 .text.UART_WriteBlocking
                0x000066c8       0x50 ./drivers/fsl_uart.o
                0x000066c8                UART_WriteBlocking
 .text.UART0_RX_TX_DriverIRQHandler
                0x00006718       0x12 ./drivers/fsl_uart.o
                0x00006718                UART0_RX_TX_DriverIRQHandler
 .text.UART1_RX_TX_DriverIRQHandler
                0x0000672a       0x12 ./drivers/fsl_uart.o
                0x0000672a                UART1_RX_TX_DriverIRQHandler
 .text.UART2_RX_TX_DriverIRQHandler
                0x0000673c       0x12 ./drivers/fsl_uart.o
                0x0000673c                UART2_RX_TX_DriverIRQHandler
 .text.UART3_RX_TX_DriverIRQHandler
                0x0000674e       0x12 ./drivers/fsl_uart.o
                0x0000674e                UART3_RX_TX_DriverIRQHandler
 .text.UART4_RX_TX_DriverIRQHandler
                0x00006760       0x12 ./drivers/fsl_uart.o
                0x00006760                UART4_RX_TX_DriverIRQHandler
 .text.SystemInitHook
                0x00006772        0xe ./device/system_MK66F18.o
                0x00006772                SystemInitHook
 .text.HAL_UartGetStatus
                0x00006780       0x22 ./component/uart/fsl_adapter_uart.o
 .text.BOARD_InitDebugConsole
                0x000067a2       0x22 ./board/board.o
                0x000067a2                BOARD_InitDebugConsole
 .text.BOARD_InitBootClocks
                0x000067c4        0xc ./board/clock_config.o
                0x000067c4                BOARD_InitBootClocks
 .text.CLOCK_EnableClock
                0x000067d0       0x34 ./board/pin_mux.o
 .text.PORT_SetPinMux
                0x00006804       0x3a ./board/pin_mux.o
 .text.BOARD_InitBootPins
                0x0000683e        0xc ./board/pin_mux.o
                0x0000683e                BOARD_InitBootPins
 .text.__main   0x0000684a        0xe D:/Eldic/NXP/MCUXpressoIDE_24.12.148/ide/plugins/com.nxp.mcuxpresso.tools.win32_24.12.0.202407110909/tools/bin/../lib/gcc/arm-none-eabi/13.2.1/../../../../arm-none-eabi/lib/thumb/v7e-m+fp/hard\libcr_nohost_nf.a(_cr__main.o)
                0x0000684a                __main
 .text.memcpy   0x00006858        0x4 D:/Eldic/NXP/MCUXpressoIDE_24.12.148/ide/plugins/com.nxp.mcuxpresso.tools.win32_24.12.0.202407110909/tools/bin/../lib/gcc/arm-none-eabi/13.2.1/../../../../arm-none-eabi/lib/thumb/v7e-m+fp/hard\libcr_c.a(memcpy.o)
                0x00006858                memcpy
 .text.memset   0x0000685c        0x4 D:/Eldic/NXP/MCUXpressoIDE_24.12.148/ide/plugins/com.nxp.mcuxpresso.tools.win32_24.12.0.202407110909/tools/bin/../lib/gcc/arm-none-eabi/13.2.1/../../../../arm-none-eabi/lib/thumb/v7e-m+fp/hard\libcr_c.a(memset.o)
                0x0000685c                memset
 .text.free     0x00006860       0x30 D:/Eldic/NXP/MCUXpressoIDE_24.12.148/ide/plugins/com.nxp.mcuxpresso.tools.win32_24.12.0.202407110909/tools/bin/../lib/gcc/arm-none-eabi/13.2.1/../../../../arm-none-eabi/lib/thumb/v7e-m+fp/hard\libcr_c.a(alloc.o)
                0x00006860                free
 .text.setvbuf  0x00006890       0x3e D:/Eldic/NXP/MCUXpressoIDE_24.12.148/ide/plugins/com.nxp.mcuxpresso.tools.win32_24.12.0.202407110909/tools/bin/../lib/gcc/arm-none-eabi/13.2.1/../../../../arm-none-eabi/lib/thumb/v7e-m+fp/hard\libcr_c.a(setvbuf.o)
                0x00006890                setvbuf
 .text.strlen   0x000068ce       0x4e D:/Eldic/NXP/MCUXpressoIDE_24.12.148/ide/plugins/com.nxp.mcuxpresso.tools.win32_24.12.0.202407110909/tools/bin/../lib/gcc/arm-none-eabi/13.2.1/../../../../arm-none-eabi/lib/thumb/v7e-m+fp/hard\libcr_c.a(strlen.o)
                0x000068ce                strlen
 .text._fdopen  0x0000691c       0x68 D:/Eldic/NXP/MCUXpressoIDE_24.12.148/ide/plugins/com.nxp.mcuxpresso.tools.win32_24.12.0.202407110909/tools/bin/../lib/gcc/arm-none-eabi/13.2.1/../../../../arm-none-eabi/lib/thumb/v7e-m+fp/hard\libcr_c.a(_fdopen.o)
                0x0000691c                _fdopen
 .text.fclose   0x00006984       0x58 D:/Eldic/NXP/MCUXpressoIDE_24.12.148/ide/plugins/com.nxp.mcuxpresso.tools.win32_24.12.0.202407110909/tools/bin/../lib/gcc/arm-none-eabi/13.2.1/../../../../arm-none-eabi/lib/thumb/v7e-m+fp/hard\libcr_c.a(fclose.o)
                0x00006984                fclose
 .text.remove   0x000069dc       0x14 D:/Eldic/NXP/MCUXpressoIDE_24.12.148/ide/plugins/com.nxp.mcuxpresso.tools.win32_24.12.0.202407110909/tools/bin/../lib/gcc/arm-none-eabi/13.2.1/../../../../arm-none-eabi/lib/thumb/v7e-m+fp/hard\libcr_c.a(remove.o)
                0x000069dc                remove
 .text._do_fflush
                0x000069f0       0x40 D:/Eldic/NXP/MCUXpressoIDE_24.12.148/ide/plugins/com.nxp.mcuxpresso.tools.win32_24.12.0.202407110909/tools/bin/../lib/gcc/arm-none-eabi/13.2.1/../../../../arm-none-eabi/lib/thumb/v7e-m+fp/hard\libcr_c.a(_do_fflush.o)
                0x000069f0                _do_fflush
 .text._fflush  0x00006a30       0x52 D:/Eldic/NXP/MCUXpressoIDE_24.12.148/ide/plugins/com.nxp.mcuxpresso.tools.win32_24.12.0.202407110909/tools/bin/../lib/gcc/arm-none-eabi/13.2.1/../../../../arm-none-eabi/lib/thumb/v7e-m+fp/hard\libcr_c.a(_fflush.o)
                0x00006a30                _fflush
 .text._deferredlazyseek
                0x00006a82       0x40 D:/Eldic/NXP/MCUXpressoIDE_24.12.148/ide/plugins/com.nxp.mcuxpresso.tools.win32_24.12.0.202407110909/tools/bin/../lib/gcc/arm-none-eabi/13.2.1/../../../../arm-none-eabi/lib/thumb/v7e-m+fp/hard\libcr_c.a(_deferredlazyseek.o)
                0x00006a82                _deferredlazyseek
 .text.__aeabi_division_ldivmod
                0x00006ac2       0x26 D:/Eldic/NXP/MCUXpressoIDE_24.12.148/ide/plugins/com.nxp.mcuxpresso.tools.win32_24.12.0.202407110909/tools/bin/../lib/gcc/arm-none-eabi/13.2.1/thumb/v7e-m+fp/hard\libcr_eabihelpers.a(division_64.o)
                0x00006ac2                __aeabi_ldivmod
 .text.__aeabi_division_uldivmod
                0x00006ae8      0x174 D:/Eldic/NXP/MCUXpressoIDE_24.12.148/ide/plugins/com.nxp.mcuxpresso.tools.win32_24.12.0.202407110909/tools/bin/../lib/gcc/arm-none-eabi/13.2.1/thumb/v7e-m+fp/hard\libcr_eabihelpers.a(division_64.o)
                0x00006ae8                __aeabi_uldivmod
                0x00006aec                __bhs_ldivmod1
 .text.__aeabi_division_idiv0
                0x00006c5c        0x2 D:/Eldic/NXP/MCUXpressoIDE_24.12.148/ide/plugins/com.nxp.mcuxpresso.tools.win32_24.12.0.202407110909/tools/bin/../lib/gcc/arm-none-eabi/13.2.1/thumb/v7e-m+fp/hard\libcr_eabihelpers.a(division_idiv0.o)
                0x00006c5c                __aeabi_idiv0
 .text.__aeabi_memcpy
                0x00006c5e       0x34 D:/Eldic/NXP/MCUXpressoIDE_24.12.148/ide/plugins/com.nxp.mcuxpresso.tools.win32_24.12.0.202407110909/tools/bin/../lib/gcc/arm-none-eabi/13.2.1/thumb/v7e-m+fp/hard\libcr_eabihelpers.a(memcpy.o)
                0x00006c5e                __aeabi_memcpy
                0x00006c68                __aeabi_memcpy8
                0x00006c68                __aeabi_memcpy4
 .text.__aeabi_memset_lowlevel
                0x00006c92       0x32 D:/Eldic/NXP/MCUXpressoIDE_24.12.148/ide/plugins/com.nxp.mcuxpresso.tools.win32_24.12.0.202407110909/tools/bin/../lib/gcc/arm-none-eabi/13.2.1/thumb/v7e-m+fp/hard\libcr_eabihelpers.a(memcpy.o)
                0x00006c92                __aeabi_lowlevel_memset
 .text.__sys_close
                0x00006cc4        0x6 D:/Eldic/NXP/MCUXpressoIDE_24.12.148/ide/plugins/com.nxp.mcuxpresso.tools.win32_24.12.0.202407110909/tools/bin/../lib/gcc/arm-none-eabi/13.2.1/../../../../arm-none-eabi/lib/thumb/v7e-m+fp/hard\libcr_nohost_nf.a(__sys_close.o)
                0x00006cc4                __sys_close
 .text.__sys_flen
                0x00006cca        0x6 D:/Eldic/NXP/MCUXpressoIDE_24.12.148/ide/plugins/com.nxp.mcuxpresso.tools.win32_24.12.0.202407110909/tools/bin/../lib/gcc/arm-none-eabi/13.2.1/../../../../arm-none-eabi/lib/thumb/v7e-m+fp/hard\libcr_nohost_nf.a(__sys_flen.o)
                0x00006cca                __sys_flen
 .text.__sys_istty
                0x00006cd0        0x6 D:/Eldic/NXP/MCUXpressoIDE_24.12.148/ide/plugins/com.nxp.mcuxpresso.tools.win32_24.12.0.202407110909/tools/bin/../lib/gcc/arm-none-eabi/13.2.1/../../../../arm-none-eabi/lib/thumb/v7e-m+fp/hard\libcr_nohost_nf.a(__sys_istty.o)
                0x00006cd0                __sys_istty
 .text.__sys_remove
                0x00006cd6        0x6 D:/Eldic/NXP/MCUXpressoIDE_24.12.148/ide/plugins/com.nxp.mcuxpresso.tools.win32_24.12.0.202407110909/tools/bin/../lib/gcc/arm-none-eabi/13.2.1/../../../../arm-none-eabi/lib/thumb/v7e-m+fp/hard\libcr_nohost_nf.a(__sys_remove.o)
                0x00006cd6                __sys_remove
 .text.__sys_seek
                0x00006cdc        0x6 D:/Eldic/NXP/MCUXpressoIDE_24.12.148/ide/plugins/com.nxp.mcuxpresso.tools.win32_24.12.0.202407110909/tools/bin/../lib/gcc/arm-none-eabi/13.2.1/../../../../arm-none-eabi/lib/thumb/v7e-m+fp/hard\libcr_nohost_nf.a(__sys_seek.o)
                0x00006cdc                __sys_seek
 .text.__sys_tmpnam
                0x00006ce2        0x6 D:/Eldic/NXP/MCUXpressoIDE_24.12.148/ide/plugins/com.nxp.mcuxpresso.tools.win32_24.12.0.202407110909/tools/bin/../lib/gcc/arm-none-eabi/13.2.1/../../../../arm-none-eabi/lib/thumb/v7e-m+fp/hard\libcr_nohost_nf.a(__sys_tmpnam.o)
                0x00006ce2                __sys_tmpnam
 .text.__sys_write
                0x00006ce8        0x4 D:/Eldic/NXP/MCUXpressoIDE_24.12.148/ide/plugins/com.nxp.mcuxpresso.tools.win32_24.12.0.202407110909/tools/bin/../lib/gcc/arm-none-eabi/13.2.1/../../../../arm-none-eabi/lib/thumb/v7e-m+fp/hard\libcr_nohost_nf.a(__sys_write.o)
                0x00006ce8                __sys_write
 *(SORT_BY_ALIGNMENT(.rodata) SORT_BY_ALIGNMENT(.rodata.*) SORT_BY_ALIGNMENT(.constdata) SORT_BY_ALIGNMENT(.constdata.*))
 .rodata.__assertion_failed.str1.4
                0x00006cec     0x100d ./utilities/fsl_assert.o
                                 0x14 (size before relaxing)
 *fill*         0x00007cf9        0x3 ff
 .rodata.aes_key
                0x00007cfc       0x10 ./source/enet_txrx_transfer.o
 .rodata.aes_iv
                0x00007d0c       0x10 ./source/enet_txrx_transfer.o
 .rodata.encrypt_and_send.str1.4
                0x00007d1c       0x5a ./source/enet_txrx_transfer.o
 .rodata.receive_and_decrypt.str1.4
                0x00007d1c       0xe1 ./source/enet_txrx_transfer.o
 .rodata.main.str1.4
                0x00007d1c       0x36 ./source/enet_txrx_transfer.o
 .rodata.phyksz8081_ops
                0x00007d1c       0x20 ./phy/fsl_phyksz8081.o
                0x00007d1c                phyksz8081_ops
 .rodata.PHY_KSZ8081_Init.str1.4
                0x00007d3c       0x37 ./phy/fsl_phyksz8081.o
 .rodata.PHY_KSZ8081_GetAutoNegotiationStatus.str1.4
                0x00007d3c       0x1e ./phy/fsl_phyksz8081.o
 .rodata.PHY_KSZ8081_GetLinkStatus.str1.4
                0x00007d3c       0x1e ./phy/fsl_phyksz8081.o
 .rodata.PHY_KSZ8081_GetLinkSpeedDuplex.str1.4
                0x00007d3c       0x3e ./phy/fsl_phyksz8081.o
 .rodata.PHY_KSZ8081_SetLinkSpeedDuplex.str1.4
                0x00007d3c       0x2f ./phy/fsl_phyksz8081.o
 .rodata.PHY_KSZ8081_EnableLoopback.str1.4
                0x00007d3c       0x8f ./phy/fsl_phyksz8081.o
 .rodata.enet_ops
                0x00007d3c       0x14 ./mdio/fsl_enet_mdio.o
                0x00007d3c                enet_ops
 .rodata.ENET_MDIO_Read.str1.4
                0x00007d50       0x25 ./mdio/fsl_enet_mdio.o
 .rodata.ENET_MDIO_ReadExt.str1.4
                0x00007d50       0x26 ./mdio/fsl_enet_mdio.o
 .rodata.sbox   0x00007d50      0x100 ./drivers/Aes_DR.o
 .rodata.rsbox  0x00007e50      0x100 ./drivers/Aes_DR.o
 .rodata.Rcon   0x00007f50        0xb ./drivers/Aes_DR.o
 .rodata.enet_init.str1.4
                0x00007f5b       0xa7 ./drivers/enet.o
 .rodata.CLOCK_GetMcgExtClkFreq.str1.4
                0x00007f5b       0x49 ./drivers/fsl_clock.o
 .rodata.CLOCK_GetOsc0ErClkUndivFreq.str1.4
                0x00007f5b       0x1e ./drivers/fsl_clock.o
 .rodata.CLOCK_GetOsc0ErClkDivFreq.str1.4
                0x00007f5b       0x1e ./drivers/fsl_clock.o
 .rodata.CLOCK_GetEr32kClkFreq.str1.4
                0x00007f5b       0x1f ./drivers/fsl_clock.o
 .rodata.CLOCK_GetPll0Freq.str1.4
                0x00007f5b       0x1d ./drivers/fsl_clock.o
 .rodata.CLOCK_EnablePll0.str1.4
                0x00007f5b       0x1a ./drivers/fsl_clock.o
 .rodata.CLOCK_SetPbeMode.str1.4
                0x00007f5b       0x1a ./drivers/fsl_clock.o
 .rodata.CLOCK_BootToPeeMode.str1.4
                0x00007f5b       0x1a ./drivers/fsl_clock.o
 *fill*         0x00007f5b        0x1 ff
 .rodata.fllFactorTable.1
                0x00007f5c       0x10 ./drivers/fsl_clock.o
 .rodata.s_enetClock
                0x00007f6c        0x4 ./drivers/fsl_enet.o
                0x00007f6c                s_enetClock
 .rodata.ENET_GetInstance.str1.4
                0x00007f70       0x34 ./drivers/fsl_enet.o
 .rodata.ENET_GetDefaultConfig.str1.4
                0x00007f70       0x20 ./drivers/fsl_enet.o
 .rodata.ENET_Up.str1.4
                0x00007f70       0xe0 ./drivers/fsl_enet.o
 .rodata.ENET_SetHandler.str1.4
                0x00007f70       0x58 ./drivers/fsl_enet.o
 .rodata.ENET_SetTxBufferDescriptors.str1.4
                0x00007f70       0x46 ./drivers/fsl_enet.o
 .rodata.ENET_SetRxBufferDescriptors.str1.4
                0x00007f70       0x8c ./drivers/fsl_enet.o
 .rodata.ENET_RxBufferAllocAll.str1.4
                0x00007f70       0x6b ./drivers/fsl_enet.o
 .rodata.ENET_RxBufferFreeAll.str1.4
                0x00007f70       0x67 ./drivers/fsl_enet.o
 .rodata.ENET_ActiveReadRing.str1.4
                0x00007f70       0x64 ./drivers/fsl_enet.o
 .rodata.ENET_ActiveSendRing.str1.4
                0x00007f70       0x4b ./drivers/fsl_enet.o
 .rodata.ENET_SetSMI.str1.4
                0x00007f70       0x45 ./drivers/fsl_enet.o
 .rodata.ENET_IncreaseIndex.str1.4
                0x00007f70       0x1e ./drivers/fsl_enet.o
 .rodata.ENET_GetRxErrBeforeReadFrame.str1.4
                0x00007f70       0x87 ./drivers/fsl_enet.o
 .rodata.ENET_GetRxFrameSize.str1.4
                0x00007f70       0x83 ./drivers/fsl_enet.o
 .rodata.ENET_ReadFrame.str1.4
                0x00007f70       0x6f ./drivers/fsl_enet.o
 .rodata.ENET_UpdateReadBuffers.str1.4
                0x00007f70       0x6f ./drivers/fsl_enet.o
 .rodata.ENET_SendFrame.str1.4
                0x00007f70       0x8f ./drivers/fsl_enet.o
 .rodata.ENET_ReclaimTxDescriptor.str1.4
                0x00007f70       0x4b ./drivers/fsl_enet.o
 .rodata.ENET_TransmitIRQHandler.str1.4
                0x00007f70       0x21 ./drivers/fsl_enet.o
 .rodata.ENET_ReceiveIRQHandler.str1.4
                0x00007f70       0x21 ./drivers/fsl_enet.o
 .rodata.ENET_ErrorIRQHandler.str1.4
                0x00007f70       0x21 ./drivers/fsl_enet.o
 .rodata.s_uartBases
                0x00007f70       0x14 ./drivers/fsl_uart.o
 .rodata.s_uartClock
                0x00007f84       0x14 ./drivers/fsl_uart.o
 .rodata.UART_GetInstance.str1.4
                0x00007f98       0x2b ./drivers/fsl_uart.o
 .rodata.UART_Init.str1.4
                0x00007f98       0xfb ./drivers/fsl_uart.o
 .rodata.UART_GetDefaultConfig.str1.4
                0x00007f98       0x20 ./drivers/fsl_uart.o
 .rodata.UART_ReadBlocking.str1.4
                0x00007f98       0x1e ./drivers/fsl_uart.o
 .rodata.s_UartAdapterBase
                0x00007f98       0x14 ./component/uart/fsl_adapter_uart.o
 .rodata.HAL_UartInit.str1.4
                0x00007fac       0xdd ./component/uart/fsl_adapter_uart.o
 .rodata.HAL_UartReceiveBlocking.str1.4
                0x00007fac       0x60 ./component/uart/fsl_adapter_uart.o
 .rodata.HAL_UartSendBlocking.str1.4
                0x00007fac       0x60 ./component/uart/fsl_adapter_uart.o
 .rodata.mcgConfig_BOARD_BootClockRUN
                0x00007fac        0xc ./board/clock_config.o
                0x00007fac                mcgConfig_BOARD_BootClockRUN
 .rodata.simConfig_BOARD_BootClockRUN
                0x00007fb8        0x8 ./board/clock_config.o
                0x00007fb8                simConfig_BOARD_BootClockRUN
 .rodata.oscConfig_BOARD_BootClockRUN
                0x00007fc0        0x8 ./board/clock_config.o
                0x00007fc0                oscConfig_BOARD_BootClockRUN
 .rodata.PORT_SetPinConfig.str1.4
                0x00007fc8       0x65 ./board/pin_mux.o
 .rodata.__num_Ciob_streams
                0x00007fc8        0x4 D:/Eldic/NXP/MCUXpressoIDE_24.12.148/ide/plugins/com.nxp.mcuxpresso.tools.win32_24.12.0.202407110909/tools/bin/../lib/gcc/arm-none-eabi/13.2.1/../../../../arm-none-eabi/lib/thumb/v7e-m+fp/hard\libcr_nohost_nf.a(__ciob.o)
                0x00007fc8                __num_Ciob_streams
 .rodata._initio.str1.1
                0x00007fcc        0x4 D:/Eldic/NXP/MCUXpressoIDE_24.12.148/ide/plugins/com.nxp.mcuxpresso.tools.win32_24.12.0.202407110909/tools/bin/../lib/gcc/arm-none-eabi/13.2.1/../../../../arm-none-eabi/lib/thumb/v7e-m+fp/hard\libcr_c.a(initio.o)
                0x00008098                        . = ALIGN (0x8)

.glue_7         0x00007fd0        0x0
 .glue_7        0x00007fd0        0x0 linker stubs

.glue_7t        0x00007fd0        0x0
 .glue_7t       0x00007fd0        0x0 linker stubs

.vfp11_veneer   0x00007fd0        0x0
 .vfp11_veneer  0x00007fd0        0x0 linker stubs

.v4_bx          0x00007fd0        0x0
 .v4_bx         0x00007fd0        0x0 linker stubs

.iplt           0x00007fd0        0x0
 .iplt          0x00007fd0        0x0 ./utilities/fsl_assert.o

.rel.dyn        0x00007fd0        0x0
 .rel.iplt      0x00007fd0        0x0 ./utilities/fsl_assert.o

.ARM.extab
 *(SORT_BY_ALIGNMENT(.ARM.extab*) SORT_BY_ALIGNMENT(.gnu.linkonce.armextab.*))

.ARM.exidx      0x00007fd0        0x0
                0x00007fd0                        __exidx_start = .
 *(SORT_BY_ALIGNMENT(.ARM.exidx*) SORT_BY_ALIGNMENT(.gnu.linkonce.armexidx.*))
                0x00007fd0                        __exidx_end = .
                0x00007fd0                        _etext = .

.m_usb_data
 *(SORT_BY_ALIGNMENT(m_usb_bdt))

.data_RAM2      0x1fff0000        0x0 load address 0x00007fd0
 FILL mask 0xff
                [!provide]                        PROVIDE (__start_data_RAM2 = .)
                [!provide]                        PROVIDE (__start_data_SRAM_LOWER = .)
 *(SORT_BY_ALIGNMENT(.ramfunc.$RAM2))
 *(SORT_BY_ALIGNMENT(.ramfunc.$SRAM_LOWER))
 *(SORT_BY_ALIGNMENT(NonCacheable.init))
 *(SORT_BY_ALIGNMENT(.data.$RAM2))
 *(SORT_BY_ALIGNMENT(.data.$SRAM_LOWER))
 *(SORT_BY_ALIGNMENT(.data.$RAM2.*))
 *(SORT_BY_ALIGNMENT(.data.$SRAM_LOWER.*))
                0x1fff0000                        . = ALIGN (0x8)
                [!provide]                        PROVIDE (__end_data_RAM2 = .)
                [!provide]                        PROVIDE (__end_data_SRAM_LOWER = .)

.data_RAM3      0x14000000        0x0 load address 0x00007fd0
 FILL mask 0xff
                [!provide]                        PROVIDE (__start_data_RAM3 = .)
                [!provide]                        PROVIDE (__start_data_FLEX_RAM = .)
 *(SORT_BY_ALIGNMENT(.ramfunc.$RAM3))
 *(SORT_BY_ALIGNMENT(.ramfunc.$FLEX_RAM))
 *(SORT_BY_ALIGNMENT(.data.$RAM3))
 *(SORT_BY_ALIGNMENT(.data.$FLEX_RAM))
 *(SORT_BY_ALIGNMENT(.data.$RAM3.*))
 *(SORT_BY_ALIGNMENT(.data.$FLEX_RAM.*))
                0x14000000                        . = ALIGN (0x8)
                [!provide]                        PROVIDE (__end_data_RAM3 = .)
                [!provide]                        PROVIDE (__end_data_FLEX_RAM = .)

.uninit_RESERVED
                0x20000000        0x0
                0x20000000                        _start_uninit_RESERVED = .
 *(SORT_BY_ALIGNMENT(.bss.$RESERVED*))
                0x20000000                        . = ALIGN (0x8)
                0x20000000                        _end_uninit_RESERVED = .

.data           0x20000000       0x50 load address 0x00007fd0
 FILL mask 0xff
                0x20000000                        _data = .
                [!provide]                        PROVIDE (__start_data_RAM = .)
                [!provide]                        PROVIDE (__start_data_SRAM_UPPER = .)
 *(SORT_BY_ALIGNMENT(vtable))
 *(SORT_BY_ALIGNMENT(.ramfunc*))
 *(SORT_BY_ALIGNMENT(CodeQuickAccess))
 *(SORT_BY_ALIGNMENT(DataQuickAccess))
 *(SORT_BY_ALIGNMENT(RamFunction))
 *(SORT_BY_ALIGNMENT(.data*))
 .data.mdioHandle
                0x20000000        0xc ./drivers/enet.o
                0x20000000                mdioHandle
 .data.phyHandle
                0x2000000c        0xc ./drivers/enet.o
                0x2000000c                phyHandle
 .data.g_macAddr
                0x20000018        0x6 ./drivers/enet.o
                0x20000018                g_macAddr
 *fill*         0x2000001e        0x2 ff
 .data.buffConfig
                0x20000020       0x20 ./drivers/enet.o
                0x20000020                buffConfig
 .data.s_slowIrcFreq
                0x20000040        0x4 ./drivers/fsl_clock.o
 .data.s_fastIrcFreq
                0x20000044        0x4 ./drivers/fsl_clock.o
 .data.SystemCoreClock
                0x20000048        0x4 ./device/system_MK66F18.o
                0x20000048                SystemCoreClock
                0x20000050                        . = ALIGN (0x8)
 *fill*         0x2000004c        0x4 ff
                0x20000050                        _edata = .
                [!provide]                        PROVIDE (__end_data_RAM = .)
                [!provide]                        PROVIDE (__end_data_SRAM_UPPER = .)

.igot.plt       0x20000050        0x0 load address 0x00008020
 .igot.plt      0x20000050        0x0 ./utilities/fsl_assert.o

.bss_RAM2       0x1fff0000       0x40
                [!provide]                        PROVIDE (__start_bss_RAM2 = .)
                [!provide]                        PROVIDE (__start_bss_SRAM_LOWER = .)
 *(SORT_BY_ALIGNMENT(NonCacheable))
 NonCacheable   0x1fff0000       0x40 ./drivers/enet.o
                0x1fff0000                g_rxBuffDescrip
                0x1fff0020                g_txBuffDescrip
 *(SORT_BY_ALIGNMENT(.bss.$RAM2))
 *(SORT_BY_ALIGNMENT(.bss.$SRAM_LOWER))
 *(SORT_BY_ALIGNMENT(.bss.$RAM2.*))
 *(SORT_BY_ALIGNMENT(.bss.$SRAM_LOWER.*))
                0x1fff0040                        . = ALIGN ((. != 0x0)?0x8:0x1)
                [!provide]                        PROVIDE (__end_bss_RAM2 = .)
                [!provide]                        PROVIDE (__end_bss_SRAM_LOWER = .)

.bss_RAM3       0x14000000        0x0
                [!provide]                        PROVIDE (__start_bss_RAM3 = .)
                [!provide]                        PROVIDE (__start_bss_FLEX_RAM = .)
 *(SORT_BY_ALIGNMENT(.bss.$RAM3))
 *(SORT_BY_ALIGNMENT(.bss.$FLEX_RAM))
 *(SORT_BY_ALIGNMENT(.bss.$RAM3.*))
 *(SORT_BY_ALIGNMENT(.bss.$FLEX_RAM.*))
                0x14000000                        . = ALIGN ((. != 0x0)?0x8:0x1)
                [!provide]                        PROVIDE (__end_bss_RAM3 = .)
                [!provide]                        PROVIDE (__end_bss_FLEX_RAM = .)

.bss            0x20000050     0x3530
                0x20000050                        _bss = .
                [!provide]                        PROVIDE (__start_bss_RAM = .)
                [!provide]                        PROVIDE (__start_bss_SRAM_UPPER = .)
 *(SORT_BY_ALIGNMENT(.bss*))
 .bss.g_rxDataBuff
                0x20000050     0x17c0 ./drivers/enet.o
                0x20000050                g_rxDataBuff
 .bss.g_txDataBuff
                0x20001810     0x17c0 ./drivers/enet.o
                0x20001810                g_txDataBuff
 .bss.s_debugConsole
                0x20002fd0       0x14 ./utilities/fsl_debug_console.o
 .bss.status    0x20002fe4        0x4 ./drivers/enet.o
                0x20002fe4                status
 .bss.eErrStatic
                0x20002fe8       0x14 ./drivers/enet.o
                0x20002fe8                eErrStatic
 .bss.g_frame   0x20002ffc      0x3f6 ./drivers/enet.o
                0x20002ffc                g_frame
 *fill*         0x200033f2        0x2 
 .bss.g_handle  0x200033f4       0x84 ./drivers/enet.o
                0x200033f4                g_handle
 .bss.s_extPllFreq
                0x20003478        0x4 ./drivers/fsl_clock.o
 .bss.g_xtal0Freq
                0x2000347c        0x4 ./drivers/fsl_clock.o
                0x2000347c                g_xtal0Freq
 .bss.g_xtal32Freq
                0x20003480        0x4 ./drivers/fsl_clock.o
                0x20003480                g_xtal32Freq
 .bss.s_ENETHandle
                0x20003484        0x4 ./drivers/fsl_enet.o
 .bss.s_enetTxIsr
                0x20003488        0x4 ./drivers/fsl_enet.o
 .bss.s_enetRxIsr
                0x2000348c        0x4 ./drivers/fsl_enet.o
 .bss.s_enetErrIsr
                0x20003490        0x4 ./drivers/fsl_enet.o
 .bss.s_enet1588TimerIsr
                0x20003494        0x4 ./drivers/fsl_enet.o
 .bss.s_lpuartHandle
                0x20003498        0x4 ./drivers/fsl_lpuart.o
                0x20003498                s_lpuartHandle
 .bss.s_lpuartIsr
                0x2000349c        0x4 ./drivers/fsl_lpuart.o
                0x2000349c                s_lpuartIsr
 .bss.s_uartHandle
                0x200034a0       0x14 ./drivers/fsl_uart.o
                0x200034a0                s_uartHandle
 .bss.s_uartIsr
                0x200034b4        0x4 ./drivers/fsl_uart.o
                0x200034b4                s_uartIsr
 .bss.__end_of_heap
                0x200034b8        0x4 D:/Eldic/NXP/MCUXpressoIDE_24.12.148/ide/plugins/com.nxp.mcuxpresso.tools.win32_24.12.0.202407110909/tools/bin/../lib/gcc/arm-none-eabi/13.2.1/../../../../arm-none-eabi/lib/thumb/v7e-m+fp/hard\libcr_c.a(__init_alloc.o)
                0x200034b8                __end_of_heap
 .bss.__heaps   0x200034bc        0x4 D:/Eldic/NXP/MCUXpressoIDE_24.12.148/ide/plugins/com.nxp.mcuxpresso.tools.win32_24.12.0.202407110909/tools/bin/../lib/gcc/arm-none-eabi/13.2.1/../../../../arm-none-eabi/lib/thumb/v7e-m+fp/hard\libcr_c.a(__init_alloc.o)
                0x200034bc                __heaps
 .bss.errno     0x200034c0        0x4 D:/Eldic/NXP/MCUXpressoIDE_24.12.148/ide/plugins/com.nxp.mcuxpresso.tools.win32_24.12.0.202407110909/tools/bin/../lib/gcc/arm-none-eabi/13.2.1/../../../../arm-none-eabi/lib/thumb/v7e-m+fp/hard\libcr_c.a(errno.o)
                0x200034c0                errno
 .bss.__Ciob    0x200034c4       0xb4 D:/Eldic/NXP/MCUXpressoIDE_24.12.148/ide/plugins/com.nxp.mcuxpresso.tools.win32_24.12.0.202407110909/tools/bin/../lib/gcc/arm-none-eabi/13.2.1/../../../../arm-none-eabi/lib/thumb/v7e-m+fp/hard\libcr_nohost_nf.a(__ciob.o)
                0x200034c4                __Ciob
 .bss.link      0x20003578        0x1 ./drivers/enet.o
                0x20003578                link
 *(SORT_BY_ALIGNMENT(COMMON))
                0x20003580                        . = ALIGN (0x8)
 *fill*         0x20003579        0x7 
                0x20003580                        _ebss = .
                [!provide]                        PROVIDE (__end_bss_RAM = .)
                [!provide]                        PROVIDE (__end_bss_SRAM_UPPER = .)
                [!provide]                        PROVIDE (end = .)

.noinit_RAM2    0x1fff0040        0x0
                [!provide]                        PROVIDE (__start_noinit_RAM2 = .)
                [!provide]                        PROVIDE (__start_noinit_SRAM_LOWER = .)
 *(SORT_BY_ALIGNMENT(.noinit.$RAM2))
 *(SORT_BY_ALIGNMENT(.noinit.$SRAM_LOWER))
 *(SORT_BY_ALIGNMENT(.noinit.$RAM2.*))
 *(SORT_BY_ALIGNMENT(.noinit.$SRAM_LOWER.*))
                0x1fff0040                        . = ALIGN (0x8)
                [!provide]                        PROVIDE (__end_noinit_RAM2 = .)
                [!provide]                        PROVIDE (__end_noinit_SRAM_LOWER = .)

.noinit_RAM3    0x14000000        0x0
                [!provide]                        PROVIDE (__start_noinit_RAM3 = .)
                [!provide]                        PROVIDE (__start_noinit_FLEX_RAM = .)
 *(SORT_BY_ALIGNMENT(.noinit.$RAM3))
 *(SORT_BY_ALIGNMENT(.noinit.$FLEX_RAM))
 *(SORT_BY_ALIGNMENT(.noinit.$RAM3.*))
 *(SORT_BY_ALIGNMENT(.noinit.$FLEX_RAM.*))
                0x14000000                        . = ALIGN (0x8)
                [!provide]                        PROVIDE (__end_noinit_RAM3 = .)
                [!provide]                        PROVIDE (__end_noinit_FLEX_RAM = .)

.noinit         0x20003580        0x0
                0x20003580                        _noinit = .
                [!provide]                        PROVIDE (__start_noinit_RAM = .)
                [!provide]                        PROVIDE (__start_noinit_SRAM_UPPER = .)
 *(SORT_BY_ALIGNMENT(.noinit*))
                0x20003580                        . = ALIGN (0x8)
                0x20003580                        _end_noinit = .
                [!provide]                        PROVIDE (__end_noinit_RAM = .)
                [!provide]                        PROVIDE (__end_noinit_SRAM_UPPER = .)
                0x00001000                        _HeapSize = 0x1000

.heap           0x20003580     0x1000
                0x20003580                        _pvHeapStart = .
                0x20004580                        . = (. + _HeapSize)
 *fill*         0x20003580     0x1000 
                0x20004580                        . = ALIGN (0x8)
                0x20004580                        _pvHeapLimit = .
                0x00001000                        _StackSize = 0x1000

.heap2stackfill
                0x20004580     0x1000
                0x20005580                        . = (. + _StackSize)
 *fill*         0x20004580     0x1000 

.stack          0x2002f000        0x0
                0x2002f000                        _vStackBase = .
                0x2002f000                        . = ALIGN (0x8)
                0x20030000                        _vStackTop = (. + _StackSize)
                0x00000000                        _image_start = LOADADDR (.text)
                0x00008020                        _image_end = (LOADADDR (.data) + SIZEOF (.data))
                0x00008020                        _image_size = (_image_end - _image_start)
OUTPUT(P1_enet_txrx_transfer.axf elf32-littlearm)
LOAD linker stubs

.debug_info     0x00000000    0x17a0b
 .debug_info    0x00000000       0xc5 ./utilities/fsl_assert.o
 .debug_info    0x000000c5      0xe03 ./utilities/fsl_debug_console.o
 .debug_info    0x00000ec8      0xe97 ./startup/startup_mk66f18.o
 .debug_info    0x00001d5f     0x18a1 ./source/enet_txrx_transfer.o
 .debug_info    0x00003600       0x3c ./source/semihost_hardfault.o
 .debug_info    0x0000363c      0xb73 ./phy/fsl_phyksz8081.o
 .debug_info    0x000041af     0x135b ./mdio/fsl_enet_mdio.o
 .debug_info    0x0000550a      0x7be ./drivers/Aes_DR.o
 .debug_info    0x00005cc8     0x1de5 ./drivers/enet.o
 .debug_info    0x00007aad     0x296f ./drivers/fsl_clock.o
 .debug_info    0x0000a41c     0x3bda ./drivers/fsl_enet.o
 .debug_info    0x0000dff6     0x1e86 ./drivers/fsl_lpuart.o
 .debug_info    0x0000fe7c     0x20dd ./drivers/fsl_uart.o
 .debug_info    0x00011f59      0xa4e ./device/system_MK66F18.o
 .debug_info    0x000129a7      0xbe9 ./component/uart/fsl_adapter_uart.o
 .debug_info    0x00013590      0x11f ./board/board.o
 .debug_info    0x000136af      0xdfb ./board/clock_config.o
 .debug_info    0x000144aa      0x897 ./board/pin_mux.o
 .debug_info    0x00014d41       0x85 D:/Eldic/NXP/MCUXpressoIDE_24.12.148/ide/plugins/com.nxp.mcuxpresso.tools.win32_24.12.0.202407110909/tools/bin/../lib/gcc/arm-none-eabi/13.2.1/../../../../arm-none-eabi/lib/thumb/v7e-m+fp/hard\libcr_nohost_nf.a(_cr__main.o)
 .debug_info    0x00014dc6      0x12b D:/Eldic/NXP/MCUXpressoIDE_24.12.148/ide/plugins/com.nxp.mcuxpresso.tools.win32_24.12.0.202407110909/tools/bin/../lib/gcc/arm-none-eabi/13.2.1/../../../../arm-none-eabi/lib/thumb/v7e-m+fp/hard\libcr_c.a(memcpy.o)
 .debug_info    0x00014ef1       0xfc D:/Eldic/NXP/MCUXpressoIDE_24.12.148/ide/plugins/com.nxp.mcuxpresso.tools.win32_24.12.0.202407110909/tools/bin/../lib/gcc/arm-none-eabi/13.2.1/../../../../arm-none-eabi/lib/thumb/v7e-m+fp/hard\libcr_c.a(memset.o)
 .debug_info    0x00014fed      0x520 D:/Eldic/NXP/MCUXpressoIDE_24.12.148/ide/plugins/com.nxp.mcuxpresso.tools.win32_24.12.0.202407110909/tools/bin/../lib/gcc/arm-none-eabi/13.2.1/../../../../arm-none-eabi/lib/thumb/v7e-m+fp/hard\libcr_c.a(alloc.o)
 .debug_info    0x0001550d      0x339 D:/Eldic/NXP/MCUXpressoIDE_24.12.148/ide/plugins/com.nxp.mcuxpresso.tools.win32_24.12.0.202407110909/tools/bin/../lib/gcc/arm-none-eabi/13.2.1/../../../../arm-none-eabi/lib/thumb/v7e-m+fp/hard\libcr_c.a(initio.o)
 .debug_info    0x00015846      0x1fd D:/Eldic/NXP/MCUXpressoIDE_24.12.148/ide/plugins/com.nxp.mcuxpresso.tools.win32_24.12.0.202407110909/tools/bin/../lib/gcc/arm-none-eabi/13.2.1/../../../../arm-none-eabi/lib/thumb/v7e-m+fp/hard\libcr_c.a(setvbuf.o)
 .debug_info    0x00015a43       0xe1 D:/Eldic/NXP/MCUXpressoIDE_24.12.148/ide/plugins/com.nxp.mcuxpresso.tools.win32_24.12.0.202407110909/tools/bin/../lib/gcc/arm-none-eabi/13.2.1/../../../../arm-none-eabi/lib/thumb/v7e-m+fp/hard\libcr_c.a(strlen.o)
 .debug_info    0x00015b24       0xd4 D:/Eldic/NXP/MCUXpressoIDE_24.12.148/ide/plugins/com.nxp.mcuxpresso.tools.win32_24.12.0.202407110909/tools/bin/../lib/gcc/arm-none-eabi/13.2.1/../../../../arm-none-eabi/lib/thumb/v7e-m+fp/hard\libcr_c.a(__init_alloc.o)
 .debug_info    0x00015bf8      0x107 D:/Eldic/NXP/MCUXpressoIDE_24.12.148/ide/plugins/com.nxp.mcuxpresso.tools.win32_24.12.0.202407110909/tools/bin/../lib/gcc/arm-none-eabi/13.2.1/../../../../arm-none-eabi/lib/thumb/v7e-m+fp/hard\libcr_c.a(_cr_sbrk.o)
 .debug_info    0x00015cff      0x24b D:/Eldic/NXP/MCUXpressoIDE_24.12.148/ide/plugins/com.nxp.mcuxpresso.tools.win32_24.12.0.202407110909/tools/bin/../lib/gcc/arm-none-eabi/13.2.1/../../../../arm-none-eabi/lib/thumb/v7e-m+fp/hard\libcr_c.a(_fdopen.o)
 .debug_info    0x00015f4a       0x44 D:/Eldic/NXP/MCUXpressoIDE_24.12.148/ide/plugins/com.nxp.mcuxpresso.tools.win32_24.12.0.202407110909/tools/bin/../lib/gcc/arm-none-eabi/13.2.1/../../../../arm-none-eabi/lib/thumb/v7e-m+fp/hard\libcr_c.a(errno.o)
 .debug_info    0x00015f8e      0x318 D:/Eldic/NXP/MCUXpressoIDE_24.12.148/ide/plugins/com.nxp.mcuxpresso.tools.win32_24.12.0.202407110909/tools/bin/../lib/gcc/arm-none-eabi/13.2.1/../../../../arm-none-eabi/lib/thumb/v7e-m+fp/hard\libcr_c.a(fclose.o)
 .debug_info    0x000162a6      0x209 D:/Eldic/NXP/MCUXpressoIDE_24.12.148/ide/plugins/com.nxp.mcuxpresso.tools.win32_24.12.0.202407110909/tools/bin/../lib/gcc/arm-none-eabi/13.2.1/../../../../arm-none-eabi/lib/thumb/v7e-m+fp/hard\libcr_c.a(fflush.o)
 .debug_info    0x000164af      0x276 D:/Eldic/NXP/MCUXpressoIDE_24.12.148/ide/plugins/com.nxp.mcuxpresso.tools.win32_24.12.0.202407110909/tools/bin/../lib/gcc/arm-none-eabi/13.2.1/../../../../arm-none-eabi/lib/thumb/v7e-m+fp/hard\libcr_c.a(fseek.o)
 .debug_info    0x00016725      0x197 D:/Eldic/NXP/MCUXpressoIDE_24.12.148/ide/plugins/com.nxp.mcuxpresso.tools.win32_24.12.0.202407110909/tools/bin/../lib/gcc/arm-none-eabi/13.2.1/../../../../arm-none-eabi/lib/thumb/v7e-m+fp/hard\libcr_c.a(ftell.o)
 .debug_info    0x000168bc      0x1d7 D:/Eldic/NXP/MCUXpressoIDE_24.12.148/ide/plugins/com.nxp.mcuxpresso.tools.win32_24.12.0.202407110909/tools/bin/../lib/gcc/arm-none-eabi/13.2.1/../../../../arm-none-eabi/lib/thumb/v7e-m+fp/hard\libcr_c.a(remove.o)
 .debug_info    0x00016a93       0x78 D:/Eldic/NXP/MCUXpressoIDE_24.12.148/ide/plugins/com.nxp.mcuxpresso.tools.win32_24.12.0.202407110909/tools/bin/../lib/gcc/arm-none-eabi/13.2.1/../../../../arm-none-eabi/lib/thumb/v7e-m+fp/hard\libcr_c.a(_cr_check_heap.o)
 .debug_info    0x00016b0b      0x23a D:/Eldic/NXP/MCUXpressoIDE_24.12.148/ide/plugins/com.nxp.mcuxpresso.tools.win32_24.12.0.202407110909/tools/bin/../lib/gcc/arm-none-eabi/13.2.1/../../../../arm-none-eabi/lib/thumb/v7e-m+fp/hard\libcr_c.a(_do_fflush.o)
 .debug_info    0x00016d45      0x1e3 D:/Eldic/NXP/MCUXpressoIDE_24.12.148/ide/plugins/com.nxp.mcuxpresso.tools.win32_24.12.0.202407110909/tools/bin/../lib/gcc/arm-none-eabi/13.2.1/../../../../arm-none-eabi/lib/thumb/v7e-m+fp/hard\libcr_c.a(_fflush.o)
 .debug_info    0x00016f28      0x289 D:/Eldic/NXP/MCUXpressoIDE_24.12.148/ide/plugins/com.nxp.mcuxpresso.tools.win32_24.12.0.202407110909/tools/bin/../lib/gcc/arm-none-eabi/13.2.1/../../../../arm-none-eabi/lib/thumb/v7e-m+fp/hard\libcr_c.a(_writebuf.o)
 .debug_info    0x000171b1      0x369 D:/Eldic/NXP/MCUXpressoIDE_24.12.148/ide/plugins/com.nxp.mcuxpresso.tools.win32_24.12.0.202407110909/tools/bin/../lib/gcc/arm-none-eabi/13.2.1/../../../../arm-none-eabi/lib/thumb/v7e-m+fp/hard\libcr_c.a(_deferredlazyseek.o)
 .debug_info    0x0001751a      0x18b D:/Eldic/NXP/MCUXpressoIDE_24.12.148/ide/plugins/com.nxp.mcuxpresso.tools.win32_24.12.0.202407110909/tools/bin/../lib/gcc/arm-none-eabi/13.2.1/../../../../arm-none-eabi/lib/thumb/v7e-m+fp/hard\libcr_nohost_nf.a(__ciob.o)
 .debug_info    0x000176a5       0x6a D:/Eldic/NXP/MCUXpressoIDE_24.12.148/ide/plugins/com.nxp.mcuxpresso.tools.win32_24.12.0.202407110909/tools/bin/../lib/gcc/arm-none-eabi/13.2.1/../../../../arm-none-eabi/lib/thumb/v7e-m+fp/hard\libcr_nohost_nf.a(__sys_close.o)
 .debug_info    0x0001770f       0x6a D:/Eldic/NXP/MCUXpressoIDE_24.12.148/ide/plugins/com.nxp.mcuxpresso.tools.win32_24.12.0.202407110909/tools/bin/../lib/gcc/arm-none-eabi/13.2.1/../../../../arm-none-eabi/lib/thumb/v7e-m+fp/hard\libcr_nohost_nf.a(__sys_flen.o)
 .debug_info    0x00017779       0x6a D:/Eldic/NXP/MCUXpressoIDE_24.12.148/ide/plugins/com.nxp.mcuxpresso.tools.win32_24.12.0.202407110909/tools/bin/../lib/gcc/arm-none-eabi/13.2.1/../../../../arm-none-eabi/lib/thumb/v7e-m+fp/hard\libcr_nohost_nf.a(__sys_istty.o)
 .debug_info    0x000177e3       0x8a D:/Eldic/NXP/MCUXpressoIDE_24.12.148/ide/plugins/com.nxp.mcuxpresso.tools.win32_24.12.0.202407110909/tools/bin/../lib/gcc/arm-none-eabi/13.2.1/../../../../arm-none-eabi/lib/thumb/v7e-m+fp/hard\libcr_nohost_nf.a(__sys_remove.o)
 .debug_info    0x0001786d       0x78 D:/Eldic/NXP/MCUXpressoIDE_24.12.148/ide/plugins/com.nxp.mcuxpresso.tools.win32_24.12.0.202407110909/tools/bin/../lib/gcc/arm-none-eabi/13.2.1/../../../../arm-none-eabi/lib/thumb/v7e-m+fp/hard\libcr_nohost_nf.a(__sys_seek.o)
 .debug_info    0x000178e5       0x93 D:/Eldic/NXP/MCUXpressoIDE_24.12.148/ide/plugins/com.nxp.mcuxpresso.tools.win32_24.12.0.202407110909/tools/bin/../lib/gcc/arm-none-eabi/13.2.1/../../../../arm-none-eabi/lib/thumb/v7e-m+fp/hard\libcr_nohost_nf.a(__sys_tmpnam.o)
 .debug_info    0x00017978       0x93 D:/Eldic/NXP/MCUXpressoIDE_24.12.148/ide/plugins/com.nxp.mcuxpresso.tools.win32_24.12.0.202407110909/tools/bin/../lib/gcc/arm-none-eabi/13.2.1/../../../../arm-none-eabi/lib/thumb/v7e-m+fp/hard\libcr_nohost_nf.a(__sys_write.o)

.debug_abbrev   0x00000000     0x418c
 .debug_abbrev  0x00000000       0x90 ./utilities/fsl_assert.o
 .debug_abbrev  0x00000090      0x285 ./utilities/fsl_debug_console.o
 .debug_abbrev  0x00000315      0x17a ./startup/startup_mk66f18.o
 .debug_abbrev  0x0000048f      0x2d1 ./source/enet_txrx_transfer.o
 .debug_abbrev  0x00000760       0x31 ./source/semihost_hardfault.o
 .debug_abbrev  0x00000791      0x1c0 ./phy/fsl_phyksz8081.o
 .debug_abbrev  0x00000951      0x2b8 ./mdio/fsl_enet_mdio.o
 .debug_abbrev  0x00000c09      0x1fc ./drivers/Aes_DR.o
 .debug_abbrev  0x00000e05      0x2a6 ./drivers/enet.o
 .debug_abbrev  0x000010ab      0x381 ./drivers/fsl_clock.o
 .debug_abbrev  0x0000142c      0x428 ./drivers/fsl_enet.o
 .debug_abbrev  0x00001854      0x43f ./drivers/fsl_lpuart.o
 .debug_abbrev  0x00001c93      0x45d ./drivers/fsl_uart.o
 .debug_abbrev  0x000020f0      0x148 ./device/system_MK66F18.o
 .debug_abbrev  0x00002238      0x214 ./component/uart/fsl_adapter_uart.o
 .debug_abbrev  0x0000244c       0xb8 ./board/board.o
 .debug_abbrev  0x00002504      0x247 ./board/clock_config.o
 .debug_abbrev  0x0000274b      0x22e ./board/pin_mux.o
 .debug_abbrev  0x00002979       0x70 D:/Eldic/NXP/MCUXpressoIDE_24.12.148/ide/plugins/com.nxp.mcuxpresso.tools.win32_24.12.0.202407110909/tools/bin/../lib/gcc/arm-none-eabi/13.2.1/../../../../arm-none-eabi/lib/thumb/v7e-m+fp/hard\libcr_nohost_nf.a(_cr__main.o)
 .debug_abbrev  0x000029e9       0xb6 D:/Eldic/NXP/MCUXpressoIDE_24.12.148/ide/plugins/com.nxp.mcuxpresso.tools.win32_24.12.0.202407110909/tools/bin/../lib/gcc/arm-none-eabi/13.2.1/../../../../arm-none-eabi/lib/thumb/v7e-m+fp/hard\libcr_c.a(memcpy.o)
 .debug_abbrev  0x00002a9f       0xa8 D:/Eldic/NXP/MCUXpressoIDE_24.12.148/ide/plugins/com.nxp.mcuxpresso.tools.win32_24.12.0.202407110909/tools/bin/../lib/gcc/arm-none-eabi/13.2.1/../../../../arm-none-eabi/lib/thumb/v7e-m+fp/hard\libcr_c.a(memset.o)
 .debug_abbrev  0x00002b47      0x284 D:/Eldic/NXP/MCUXpressoIDE_24.12.148/ide/plugins/com.nxp.mcuxpresso.tools.win32_24.12.0.202407110909/tools/bin/../lib/gcc/arm-none-eabi/13.2.1/../../../../arm-none-eabi/lib/thumb/v7e-m+fp/hard\libcr_c.a(alloc.o)
 .debug_abbrev  0x00002dcb      0x169 D:/Eldic/NXP/MCUXpressoIDE_24.12.148/ide/plugins/com.nxp.mcuxpresso.tools.win32_24.12.0.202407110909/tools/bin/../lib/gcc/arm-none-eabi/13.2.1/../../../../arm-none-eabi/lib/thumb/v7e-m+fp/hard\libcr_c.a(initio.o)
 .debug_abbrev  0x00002f34       0xe1 D:/Eldic/NXP/MCUXpressoIDE_24.12.148/ide/plugins/com.nxp.mcuxpresso.tools.win32_24.12.0.202407110909/tools/bin/../lib/gcc/arm-none-eabi/13.2.1/../../../../arm-none-eabi/lib/thumb/v7e-m+fp/hard\libcr_c.a(setvbuf.o)
 .debug_abbrev  0x00003015       0xa7 D:/Eldic/NXP/MCUXpressoIDE_24.12.148/ide/plugins/com.nxp.mcuxpresso.tools.win32_24.12.0.202407110909/tools/bin/../lib/gcc/arm-none-eabi/13.2.1/../../../../arm-none-eabi/lib/thumb/v7e-m+fp/hard\libcr_c.a(strlen.o)
 .debug_abbrev  0x000030bc       0xaf D:/Eldic/NXP/MCUXpressoIDE_24.12.148/ide/plugins/com.nxp.mcuxpresso.tools.win32_24.12.0.202407110909/tools/bin/../lib/gcc/arm-none-eabi/13.2.1/../../../../arm-none-eabi/lib/thumb/v7e-m+fp/hard\libcr_c.a(__init_alloc.o)
 .debug_abbrev  0x0000316b       0xd3 D:/Eldic/NXP/MCUXpressoIDE_24.12.148/ide/plugins/com.nxp.mcuxpresso.tools.win32_24.12.0.202407110909/tools/bin/../lib/gcc/arm-none-eabi/13.2.1/../../../../arm-none-eabi/lib/thumb/v7e-m+fp/hard\libcr_c.a(_cr_sbrk.o)
 .debug_abbrev  0x0000323e      0x119 D:/Eldic/NXP/MCUXpressoIDE_24.12.148/ide/plugins/com.nxp.mcuxpresso.tools.win32_24.12.0.202407110909/tools/bin/../lib/gcc/arm-none-eabi/13.2.1/../../../../arm-none-eabi/lib/thumb/v7e-m+fp/hard\libcr_c.a(_fdopen.o)
 .debug_abbrev  0x00003357       0x44 D:/Eldic/NXP/MCUXpressoIDE_24.12.148/ide/plugins/com.nxp.mcuxpresso.tools.win32_24.12.0.202407110909/tools/bin/../lib/gcc/arm-none-eabi/13.2.1/../../../../arm-none-eabi/lib/thumb/v7e-m+fp/hard\libcr_c.a(errno.o)
 .debug_abbrev  0x0000339b      0x155 D:/Eldic/NXP/MCUXpressoIDE_24.12.148/ide/plugins/com.nxp.mcuxpresso.tools.win32_24.12.0.202407110909/tools/bin/../lib/gcc/arm-none-eabi/13.2.1/../../../../arm-none-eabi/lib/thumb/v7e-m+fp/hard\libcr_c.a(fclose.o)
 .debug_abbrev  0x000034f0      0x125 D:/Eldic/NXP/MCUXpressoIDE_24.12.148/ide/plugins/com.nxp.mcuxpresso.tools.win32_24.12.0.202407110909/tools/bin/../lib/gcc/arm-none-eabi/13.2.1/../../../../arm-none-eabi/lib/thumb/v7e-m+fp/hard\libcr_c.a(fflush.o)
 .debug_abbrev  0x00003615      0x11b D:/Eldic/NXP/MCUXpressoIDE_24.12.148/ide/plugins/com.nxp.mcuxpresso.tools.win32_24.12.0.202407110909/tools/bin/../lib/gcc/arm-none-eabi/13.2.1/../../../../arm-none-eabi/lib/thumb/v7e-m+fp/hard\libcr_c.a(fseek.o)
 .debug_abbrev  0x00003730       0xc2 D:/Eldic/NXP/MCUXpressoIDE_24.12.148/ide/plugins/com.nxp.mcuxpresso.tools.win32_24.12.0.202407110909/tools/bin/../lib/gcc/arm-none-eabi/13.2.1/../../../../arm-none-eabi/lib/thumb/v7e-m+fp/hard\libcr_c.a(ftell.o)
 .debug_abbrev  0x000037f2       0xfb D:/Eldic/NXP/MCUXpressoIDE_24.12.148/ide/plugins/com.nxp.mcuxpresso.tools.win32_24.12.0.202407110909/tools/bin/../lib/gcc/arm-none-eabi/13.2.1/../../../../arm-none-eabi/lib/thumb/v7e-m+fp/hard\libcr_c.a(remove.o)
 .debug_abbrev  0x000038ed       0x6b D:/Eldic/NXP/MCUXpressoIDE_24.12.148/ide/plugins/com.nxp.mcuxpresso.tools.win32_24.12.0.202407110909/tools/bin/../lib/gcc/arm-none-eabi/13.2.1/../../../../arm-none-eabi/lib/thumb/v7e-m+fp/hard\libcr_c.a(_cr_check_heap.o)
 .debug_abbrev  0x00003958      0x12c D:/Eldic/NXP/MCUXpressoIDE_24.12.148/ide/plugins/com.nxp.mcuxpresso.tools.win32_24.12.0.202407110909/tools/bin/../lib/gcc/arm-none-eabi/13.2.1/../../../../arm-none-eabi/lib/thumb/v7e-m+fp/hard\libcr_c.a(_do_fflush.o)
 .debug_abbrev  0x00003a84       0xf1 D:/Eldic/NXP/MCUXpressoIDE_24.12.148/ide/plugins/com.nxp.mcuxpresso.tools.win32_24.12.0.202407110909/tools/bin/../lib/gcc/arm-none-eabi/13.2.1/../../../../arm-none-eabi/lib/thumb/v7e-m+fp/hard\libcr_c.a(_fflush.o)
 .debug_abbrev  0x00003b75      0x126 D:/Eldic/NXP/MCUXpressoIDE_24.12.148/ide/plugins/com.nxp.mcuxpresso.tools.win32_24.12.0.202407110909/tools/bin/../lib/gcc/arm-none-eabi/13.2.1/../../../../arm-none-eabi/lib/thumb/v7e-m+fp/hard\libcr_c.a(_writebuf.o)