../drivers/Aes_DR.c:154:13:KeyExpansion	40	static
../drivers/Aes_DR.c:227:6:AES_init_ctx	16	static
../drivers/Aes_DR.c:232:6:AES_init_ctx_iv	24	static
../drivers/Aes_DR.c:237:6:AES_ctx_set_iv	16	static
../drivers/Aes_DR.c:245:13:AddRoundKey	32	static
../drivers/Aes_DR.c:259:13:SubBytes	24	static
../drivers/Aes_DR.c:274:13:ShiftRows	24	static
../drivers/Aes_DR.c:302:16:xtime	16	static
../drivers/Aes_DR.c:308:13:MixColumns	24	static
../drivers/Aes_DR.c:358:13:InvMixColumns	32	static
../drivers/Aes_DR.c:379:13:InvSubBytes	24	static
../drivers/Aes_DR.c:391:13:InvShiftRows	24	static
../drivers/Aes_DR.c:421:13:Cipher	24	static
../drivers/Aes_DR.c:447:13:InvCipher	24	static
../drivers/Aes_DR.c:478:6:AES_ECB_encrypt	16	static
../drivers/Aes_DR.c:484:6:AES_ECB_decrypt	16	static
../drivers/Aes_DR.c:500:13:XorWithIv	24	static
../drivers/Aes_DR.c:509:6:AES_CBC_encrypt_buffer	32	static
../drivers/Aes_DR.c:524:6:AES_CBC_decrypt_buffer	48	static
../drivers/Aes_DR.c:546:6:AES_CTR_xcrypt_buffer	48	static
